Archive member included to satisfy reference by file (symbol)

c:/ac6/systemworkbench/plugins/fr.ac6.mcu.externaltools.arm-none.win32_1.16.0.201807130628/tools/compiler/bin/../lib/gcc/arm-none-eabi/7.2.1/../../../../arm-none-eabi/lib/thumb/v7e-m/fpv4-sp/hard\libm.a(lib_a-sf_floor.o)
                              Src/ili9341.o (floorf)
c:/ac6/systemworkbench/plugins/fr.ac6.mcu.externaltools.arm-none.win32_1.16.0.201807130628/tools/compiler/bin/../lib/gcc/arm-none-eabi/7.2.1/../../../../arm-none-eabi/lib/thumb/v7e-m/fpv4-sp/hard\libm.a(lib_a-wf_atan2.o)
                              Src/ili9341.o (atan2f)
c:/ac6/systemworkbench/plugins/fr.ac6.mcu.externaltools.arm-none.win32_1.16.0.201807130628/tools/compiler/bin/../lib/gcc/arm-none-eabi/7.2.1/../../../../arm-none-eabi/lib/thumb/v7e-m/fpv4-sp/hard\libm.a(lib_a-wf_sqrt.o)
                              Src/ili9341.o (sqrtf)
c:/ac6/systemworkbench/plugins/fr.ac6.mcu.externaltools.arm-none.win32_1.16.0.201807130628/tools/compiler/bin/../lib/gcc/arm-none-eabi/7.2.1/../../../../arm-none-eabi/lib/thumb/v7e-m/fpv4-sp/hard\libm.a(lib_a-ef_atan2.o)
                              c:/ac6/systemworkbench/plugins/fr.ac6.mcu.externaltools.arm-none.win32_1.16.0.201807130628/tools/compiler/bin/../lib/gcc/arm-none-eabi/7.2.1/../../../../arm-none-eabi/lib/thumb/v7e-m/fpv4-sp/hard\libm.a(lib_a-wf_atan2.o) (__ieee754_atan2f)
c:/ac6/systemworkbench/plugins/fr.ac6.mcu.externaltools.arm-none.win32_1.16.0.201807130628/tools/compiler/bin/../lib/gcc/arm-none-eabi/7.2.1/../../../../arm-none-eabi/lib/thumb/v7e-m/fpv4-sp/hard\libm.a(lib_a-ef_sqrt.o)
                              c:/ac6/systemworkbench/plugins/fr.ac6.mcu.externaltools.arm-none.win32_1.16.0.201807130628/tools/compiler/bin/../lib/gcc/arm-none-eabi/7.2.1/../../../../arm-none-eabi/lib/thumb/v7e-m/fpv4-sp/hard\libm.a(lib_a-wf_sqrt.o) (__ieee754_sqrtf)
c:/ac6/systemworkbench/plugins/fr.ac6.mcu.externaltools.arm-none.win32_1.16.0.201807130628/tools/compiler/bin/../lib/gcc/arm-none-eabi/7.2.1/../../../../arm-none-eabi/lib/thumb/v7e-m/fpv4-sp/hard\libm.a(lib_a-s_lib_ver.o)
                              c:/ac6/systemworkbench/plugins/fr.ac6.mcu.externaltools.arm-none.win32_1.16.0.201807130628/tools/compiler/bin/../lib/gcc/arm-none-eabi/7.2.1/../../../../arm-none-eabi/lib/thumb/v7e-m/fpv4-sp/hard\libm.a(lib_a-wf_sqrt.o) (__fdlib_version)
c:/ac6/systemworkbench/plugins/fr.ac6.mcu.externaltools.arm-none.win32_1.16.0.201807130628/tools/compiler/bin/../lib/gcc/arm-none-eabi/7.2.1/../../../../arm-none-eabi/lib/thumb/v7e-m/fpv4-sp/hard\libm.a(lib_a-s_matherr.o)
                              c:/ac6/systemworkbench/plugins/fr.ac6.mcu.externaltools.arm-none.win32_1.16.0.201807130628/tools/compiler/bin/../lib/gcc/arm-none-eabi/7.2.1/../../../../arm-none-eabi/lib/thumb/v7e-m/fpv4-sp/hard\libm.a(lib_a-wf_sqrt.o) (matherr)
c:/ac6/systemworkbench/plugins/fr.ac6.mcu.externaltools.arm-none.win32_1.16.0.201807130628/tools/compiler/bin/../lib/gcc/arm-none-eabi/7.2.1/../../../../arm-none-eabi/lib/thumb/v7e-m/fpv4-sp/hard\libm.a(lib_a-sf_atan.o)
                              c:/ac6/systemworkbench/plugins/fr.ac6.mcu.externaltools.arm-none.win32_1.16.0.201807130628/tools/compiler/bin/../lib/gcc/arm-none-eabi/7.2.1/../../../../arm-none-eabi/lib/thumb/v7e-m/fpv4-sp/hard\libm.a(lib_a-ef_atan2.o) (atanf)
c:/ac6/systemworkbench/plugins/fr.ac6.mcu.externaltools.arm-none.win32_1.16.0.201807130628/tools/compiler/bin/../lib/gcc/arm-none-eabi/7.2.1/../../../../arm-none-eabi/lib/thumb/v7e-m/fpv4-sp/hard\libm.a(lib_a-sf_fabs.o)
                              c:/ac6/systemworkbench/plugins/fr.ac6.mcu.externaltools.arm-none.win32_1.16.0.201807130628/tools/compiler/bin/../lib/gcc/arm-none-eabi/7.2.1/../../../../arm-none-eabi/lib/thumb/v7e-m/fpv4-sp/hard\libm.a(lib_a-ef_atan2.o) (fabsf)
c:/ac6/systemworkbench/plugins/fr.ac6.mcu.externaltools.arm-none.win32_1.16.0.201807130628/tools/compiler/bin/../lib/gcc/arm-none-eabi/7.2.1/thumb/v7e-m/fpv4-sp/hard\libgcc.a(_arm_addsubdf3.o)
                              c:/ac6/systemworkbench/plugins/fr.ac6.mcu.externaltools.arm-none.win32_1.16.0.201807130628/tools/compiler/bin/../lib/gcc/arm-none-eabi/7.2.1/../../../../arm-none-eabi/lib/thumb/v7e-m/fpv4-sp/hard\libm.a(lib_a-wf_sqrt.o) (__aeabi_f2d)
c:/ac6/systemworkbench/plugins/fr.ac6.mcu.externaltools.arm-none.win32_1.16.0.201807130628/tools/compiler/bin/../lib/gcc/arm-none-eabi/7.2.1/thumb/v7e-m/fpv4-sp/hard\libgcc.a(_arm_muldivdf3.o)
                              c:/ac6/systemworkbench/plugins/fr.ac6.mcu.externaltools.arm-none.win32_1.16.0.201807130628/tools/compiler/bin/../lib/gcc/arm-none-eabi/7.2.1/../../../../arm-none-eabi/lib/thumb/v7e-m/fpv4-sp/hard\libm.a(lib_a-wf_sqrt.o) (__aeabi_ddiv)
c:/ac6/systemworkbench/plugins/fr.ac6.mcu.externaltools.arm-none.win32_1.16.0.201807130628/tools/compiler/bin/../lib/gcc/arm-none-eabi/7.2.1/thumb/v7e-m/fpv4-sp/hard\libgcc.a(_arm_truncdfsf2.o)
[...]
Memory Configuration

Name             Origin             Length             Attributes
RAM              0x20000000         0x00020000         xrw
CCMRAM           0x10000000         0x00010000         rw
FLASH            0x08000000         0x00100000         xr
*default*        0x00000000         0xffffffff

Linker script and memory map

LOAD c:/ac6/systemworkbench/plugins/fr.ac6.mcu.externaltools.arm-none.win32_1.16.0.201807130628/tools/compiler/bin/../lib/gcc/arm-none-eabi/7.2.1/thumb/v7e-m/fpv4-sp/hard/crti.o
LOAD c:/ac6/systemworkbench/plugins/fr.ac6.mcu.externaltools.arm-none.win32_1.16.0.201807130628/tools/compiler/bin/../lib/gcc/arm-none-eabi/7.2.1/thumb/v7e-m/fpv4-sp/hard/crtbegin.o
LOAD c:/ac6/systemworkbench/plugins/fr.ac6.mcu.externaltools.arm-none.win32_1.16.0.201807130628/tools/compiler/bin/../lib/gcc/arm-none-eabi/7.2.1/../../../../arm-none-eabi/lib/thumb/v7e-m/fpv4-sp/hard/crt0.o
LOAD Drivers/STM32F4xx_HAL_Driver/Src/stm32f4xx_hal.o
LOAD Drivers/STM32F4xx_HAL_Driver/Src/stm32f4xx_hal_cortex.o
LOAD Drivers/STM32F4xx_HAL_Driver/Src/stm32f4xx_hal_dma.o
LOAD Drivers/STM32F4xx_HAL_Driver/Src/stm32f4xx_hal_dma_ex.o
LOAD Drivers/STM32F4xx_HAL_Driver/Src/stm32f4xx_hal_flash.o
LOAD Drivers/STM32F4xx_HAL_Driver/Src/stm32f4xx_hal_flash_ex.o
LOAD Drivers/STM32F4xx_HAL_Driver/Src/stm32f4xx_hal_flash_ramfunc.o
LOAD Drivers/STM32F4xx_HAL_Driver/Src/stm32f4xx_hal_gpio.o
LOAD Drivers/STM32F4xx_HAL_Driver/Src/stm32f4xx_hal_hcd.o
LOAD Drivers/STM32F4xx_HAL_Driver/Src/stm32f4xx_hal_pwr.o
LOAD Drivers/STM32F4xx_HAL_Driver/Src/stm32f4xx_hal_pwr_ex.o
LOAD Drivers/STM32F4xx_HAL_Driver/Src/stm32f4xx_hal_rcc.o
LOAD Drivers/STM32F4xx_HAL_Driver/Src/stm32f4xx_hal_rcc_ex.o
LOAD Drivers/STM32F4xx_HAL_Driver/Src/stm32f4xx_hal_sram.o
LOAD Drivers/STM32F4xx_HAL_Driver/Src/stm32f4xx_hal_tim.o
LOAD Drivers/STM32F4xx_HAL_Driver/Src/stm32f4xx_hal_tim_ex.o
LOAD Drivers/STM32F4xx_HAL_Driver/Src/stm32f4xx_ll_fsmc.o
LOAD Drivers/STM32F4xx_HAL_Driver/Src/stm32f4xx_ll_usb.o
LOAD Middlewares/ST/STM32_USB_Host_Library/Class/MSC/Src/usbh_msc.o
LOAD Middlewares/ST/STM32_USB_Host_Library/Class/MSC/Src/usbh_msc_bot.o
LOAD Middlewares/ST/STM32_USB_Host_Library/Class/MSC/Src/usbh_msc_scsi.o
LOAD Middlewares/ST/STM32_USB_Host_Library/Core/Src/usbh_core.o
LOAD Middlewares/ST/STM32_USB_Host_Library/Core/Src/usbh_ctlreq.o
LOAD Middlewares/ST/STM32_USB_Host_Library/Core/Src/usbh_ioreq.o
LOAD Middlewares/ST/STM32_USB_Host_Library/Core/Src/usbh_pipes.o
LOAD Middlewares/Third_Party/FatFs/src/diskio.o
LOAD Middlewares/Third_Party/FatFs/src/ff.o
LOAD Middlewares/Third_Party/FatFs/src/ff_gen_drv.o
LOAD Middlewares/Third_Party/FatFs/src/option/syscall.o
LOAD Src/fatfs.o
LOAD Src/fonts.o
LOAD Src/ili9341.o
LOAD Src/main.o
LOAD Src/stm32f4xx_hal_msp.o
LOAD Src/stm32f4xx_it.o
LOAD Src/system_stm32f4xx.o
LOAD Src/usb_host.o
LOAD Src/usbh_conf.o
LOAD Src/usbh_diskio.o
LOAD startup/startup_stm32f407xx.o
LOAD c:/ac6/systemworkbench/plugins/fr.ac6.mcu.externaltools.arm-none.win32_1.16.0.201807130628/tools/compiler/bin/../lib/gcc/arm-none-eabi/7.2.1/../../../../arm-none-eabi/lib/thumb/v7e-m/fpv4-sp/hard\libm.a
START GROUP
LOAD c:/ac6/systemworkbench/plugins/fr.ac6.mcu.externaltools.arm-none.win32_1.16.0.201807130628/tools/compiler/bin/../lib/gcc/arm-none-eabi/7.2.1/thumb/v7e-m/fpv4-sp/hard\libgcc.a
LOAD c:/ac6/systemworkbench/plugins/fr.ac6.mcu.externaltools.arm-none.win32_1.16.0.201807130628/tools/compiler/bin/../lib/gcc/arm-none-eabi/7.2.1/../../../../arm-none-eabi/lib/thumb/v7e-m/fpv4-sp/hard\libc_nano.a
END GROUP
START GROUP
LOAD c:/ac6/systemworkbench/plugins/fr.ac6.mcu.externaltools.arm-none.win32_1.16.0.201807130628/tools/compiler/bin/../lib/gcc/arm-none-eabi/7.2.1/thumb/v7e-m/fpv4-sp/hard\libgcc.a
LOAD c:/ac6/systemworkbench/plugins/fr.ac6.mcu.externaltools.arm-none.win32_1.16.0.201807130628/tools/compiler/bin/../lib/gcc/arm-none-eabi/7.2.1/../../../../arm-none-eabi/lib/thumb/v7e-m/fpv4-sp/hard\libc_nano.a
LOAD c:/ac6/systemworkbench/plugins/fr.ac6.mcu.externaltools.arm-none.win32_1.16.0.201807130628/tools/compiler/bin/../lib/gcc/arm-none-eabi/7.2.1/../../../../arm-none-eabi/lib/thumb/v7e-m/fpv4-sp/hard\libnosys.a
END GROUP
START GROUP
LOAD c:/ac6/systemworkbench/plugins/fr.ac6.mcu.externaltools.arm-none.win32_1.16.0.201807130628/tools/compiler/bin/../lib/gcc/arm-none-eabi/7.2.1/thumb/v7e-m/fpv4-sp/hard\libgcc.a
LOAD c:/ac6/systemworkbench/plugins/fr.ac6.mcu.externaltools.arm-none.win32_1.16.0.201807130628/tools/compiler/bin/../lib/gcc/arm-none-eabi/7.2.1/../../../../arm-none-eabi/lib/thumb/v7e-m/fpv4-sp/hard\libc_nano.a
LOAD c:/ac6/systemworkbench/plugins/fr.ac6.mcu.externaltools.arm-none.win32_1.16.0.201807130628/tools/compiler/bin/../lib/gcc/arm-none-eabi/7.2.1/../../../../arm-none-eabi/lib/thumb/v7e-m/fpv4-sp/hard\libnosys.a
END GROUP
LOAD c:/ac6/systemworkbench/plugins/fr.ac6.mcu.externaltools.arm-none.win32_1.16.0.201807130628/tools/compiler/bin/../lib/gcc/arm-none-eabi/7.2.1/thumb/v7e-m/fpv4-sp/hard/crtend.o
LOAD c:/ac6/systemworkbench/plugins/fr.ac6.mcu.externaltools.arm-none.win32_1.16.0.201807130628/tools/compiler/bin/../lib/gcc/arm-none-eabi/7.2.1/thumb/v7e-m/fpv4-sp/hard/crtn.o
                0x20020000                _estack = 0x20020000
                0x00000200                _Min_Heap_Size = 0x200
                0x00000400                _Min_Stack_Size = 0x400

.isr_vector     0x08000000      0x188
                0x08000000                . = ALIGN (0x4)
 *(.isr_vector)
 .isr_vector    0x08000000      0x188 startup/startup_stm32f407xx.o
                0x08000000                g_pfnVectors
                0x08000188                . = ALIGN (0x4)

.text           0x08000190     0x6b38
                0x08000190                . = ALIGN (0x4)
 *(.text)
 .text          0x08000190       0x40 c:/ac6/systemworkbench/plugins/fr.ac6.mcu.externaltools.arm-none.win32_1.16.0.201807130628/tools/compiler/bin/../lib/gcc/arm-none-eabi/7.2.1/thumb/v7e-m/fpv4-sp/hard/crtbegin.o
 .text          0x080001d0       0x30 c:/ac6/systemworkbench/plugins/fr.ac6.mcu.externaltools.arm-none.win32_1.16.0.201807130628/tools/compiler/bin/../lib/gcc/arm-none-eabi/7.2.1/thumb/v7e-m/fpv4-sp/hard\libgcc.a(_aeabi_uldivmod.o)
                0x080001d0                __aeabi_uldivmod
 .text          0x08000200      0x2cc c:/ac6/systemworkbench/plugins/fr.ac6.mcu.externaltools.arm-none.win32_1.16.0.201807130628/tools/compiler/bin/../lib/gcc/arm-none-eabi/7.2.1/thumb/v7e-m/fpv4-sp/hard\libgcc.a(_udivmoddi4.o)
                0x08000200                __udivmoddi4
 .text          0x080004cc        0x4 c:/ac6/systemworkbench/plugins/fr.ac6.mcu.externaltools.arm-none.win32_1.16.0.201807130628/tools/compiler/bin/../lib/gcc/arm-none-eabi/7.2.1/thumb/v7e-m/fpv4-sp/hard\libgcc.a(_dvmd_tls.o)
                0x080004cc                __aeabi_idiv0
                0x080004cc                __aeabi_ldiv0
 .text          0x080004d0       0x10 c:/ac6/systemworkbench/plugins/fr.ac6.mcu.externaltools.arm-none.win32_1.16.0.201807130628/tools/compiler/bin/../lib/gcc/arm-none-eabi/7.2.1/../../../../arm-none-eabi/lib/thumb/v7e-m/fpv4-sp/hard\libc_nano.a(lib_a-strlen.o)
                0x080004d0                strlen
 .text          0x080004e0       0xa0 c:/ac6/systemworkbench/plugins/fr.ac6.mcu.externaltools.arm-none.win32_1.16.0.201807130628/tools/compiler/bin/../lib/gcc/arm-none-eabi/7.2.1/../../../../arm-none-eabi/lib/thumb/v7e-m/fpv4-sp/hard\libc_nano.a(lib_a-memchr.o)
                0x080004e0                memchr
 *(.text*)
 .text.HAL_InitTick
                0x08000580       0x48 Drivers/STM32F4xx_HAL_Driver/Src/stm32f4xx_hal.o
                0x08000580                HAL_InitTick
 .text.HAL_Init
                0x080005c8       0x34 Drivers/STM32F4xx_HAL_Driver/Src/stm32f4xx_hal.o
                0x080005c8                HAL_Init
 .text.HAL_IncTick
                0x080005fc       0x18 Drivers/STM32F4xx_HAL_Driver/Src/stm32f4xx_hal.o
                0x080005fc                HAL_IncTick
 .text.HAL_GetTick
                0x08000614        0xc Drivers/STM32F4xx_HAL_Driver/Src/stm32f4xx_hal.o
                0x08000614                HAL_GetTick
 .text.HAL_Delay
                0x08000620       0x28 Drivers/STM32F4xx_HAL_Driver/Src/stm32f4xx_hal.o
                0x08000620                HAL_Delay
 .text.HAL_NVIC_SetPriorityGrouping
                0x08000648       0x24 Drivers/STM32F4xx_HAL_Driver/Src/stm32f4xx_hal_cortex.o
                0x08000648                HAL_NVIC_SetPriorityGrouping
 .text.HAL_NVIC_SetPriority
                0x0800066c       0x68 Drivers/STM32F4xx_HAL_Driver/Src/stm32f4xx_hal_cortex.o
                0x0800066c                HAL_NVIC_SetPriority
 .text.HAL_NVIC_EnableIRQ
                0x080006d4       0x18 Drivers/STM32F4xx_HAL_Driver/Src/stm32f4xx_hal_cortex.o
                0x080006d4                HAL_NVIC_EnableIRQ
 .text.HAL_SYSTICK_Config
                0x080006ec       0x2c Drivers/STM32F4xx_HAL_Driver/Src/stm32f4xx_hal_cortex.o
                0x080006ec                HAL_SYSTICK_Config
 .text.HAL_SYSTICK_CLKSourceConfig
                0x08000718       0x20 Drivers/STM32F4xx_HAL_Driver/Src/stm32f4xx_hal_cortex.o
                0x08000718                HAL_SYSTICK_CLKSourceConfig
 .text.HAL_SYSTICK_Callback
                0x08000738        0x2 Drivers/STM32F4xx_HAL_Driver/Src/stm32f4xx_hal_cortex.o
                0x08000738                HAL_SYSTICK_Callback
 .text.HAL_SYSTICK_IRQHandler
                0x0800073a        0x8 Drivers/STM32F4xx_HAL_Driver/Src/stm32f4xx_hal_cortex.o
                0x0800073a                HAL_SYSTICK_IRQHandler
 *fill*         0x08000742        0x2 
 .text.HAL_GPIO_Init
                0x08000744      0x1c8 Drivers/STM32F4xx_HAL_Driver/Src/stm32f4xx_hal_gpio.o
                0x08000744                HAL_GPIO_Init
 .text.HAL_GPIO_WritePin
                0x0800090c        0xc Drivers/STM32F4xx_HAL_Driver/Src/stm32f4xx_hal_gpio.o
                0x0800090c                HAL_GPIO_WritePin
 .text.HCD_RXQLVL_IRQHandler
                0x08000918       0x7c Drivers/STM32F4xx_HAL_Driver/Src/stm32f4xx_hal_hcd.o
 .text.HAL_HCD_HC_Init
                0x08000994       0x72 Drivers/STM32F4xx_HAL_Driver/Src/stm32f4xx_hal_hcd.o
                0x08000994                HAL_HCD_HC_Init
 .text.HAL_HCD_HC_Halt
                0x08000a06       0x24 Drivers/STM32F4xx_HAL_Driver/Src/stm32f4xx_hal_hcd.o
                0x08000a06                HAL_HCD_HC_Halt
 .text.HAL_HCD_Init
                0x08000a2a       0x78 Drivers/STM32F4xx_HAL_Driver/Src/stm32f4xx_hal_hcd.o
                0x08000a2a                HAL_HCD_Init
 .text.HAL_HCD_HC_SubmitRequest
                0x08000aa2      0x1cc Drivers/STM32F4xx_HAL_Driver/Src/stm32f4xx_hal_hcd.o
                0x08000aa2                HAL_HCD_HC_SubmitRequest
 .text.HCD_Port_IRQHandler
                0x08000c6e       0xc8 Drivers/STM32F4xx_HAL_Driver/Src/stm32f4xx_hal_hcd.o
 .text.HCD_HC_IN_IRQHandler
                0x08000d36      0x28c Drivers/STM32F4xx_HAL_Driver/Src/stm32f4xx_hal_hcd.o
 .text.HCD_HC_OUT_IRQHandler
                0x08000fc2      0x29e Drivers/STM32F4xx_HAL_Driver/Src/stm32f4xx_hal_hcd.o
 .text.HAL_HCD_IRQHandler
                0x08001260      0x142 Drivers/STM32F4xx_HAL_Driver/Src/stm32f4xx_hal_hcd.o
                0x08001260                HAL_HCD_IRQHandler
 .text.HAL_HCD_Start
                0x080013a2       0x2c Drivers/STM32F4xx_HAL_Driver/Src/stm32f4xx_hal_hcd.o
                0x080013a2                HAL_HCD_Start
 .text.HAL_HCD_Stop
                0x080013ce       0x24 Drivers/STM32F4xx_HAL_Driver/Src/stm32f4xx_hal_hcd.o
                0x080013ce                HAL_HCD_Stop
 .text.HAL_HCD_ResetPort
                0x080013f2        0xa Drivers/STM32F4xx_HAL_Driver/Src/stm32f4xx_hal_hcd.o
                0x080013f2                HAL_HCD_ResetPort
 .text.HAL_HCD_HC_GetURBState
                0x080013fc        0xe Drivers/STM32F4xx_HAL_Driver/Src/stm32f4xx_hal_hcd.o
                0x080013fc                HAL_HCD_HC_GetURBState
 .text.HAL_HCD_HC_GetXferCount
                0x0800140a        0xc Drivers/STM32F4xx_HAL_Driver/Src/stm32f4xx_hal_hcd.o
                0x0800140a                HAL_HCD_HC_GetXferCount
 .text.HAL_HCD_GetCurrentFrame
                0x08001416        0xa Drivers/STM32F4xx_HAL_Driver/Src/stm32f4xx_hal_hcd.o
                0x08001416                HAL_HCD_GetCurrentFrame
 .text.HAL_HCD_GetCurrentSpeed
                0x08001420        0xa Drivers/STM32F4xx_HAL_Driver/Src/stm32f4xx_hal_hcd.o
                0x08001420                HAL_HCD_GetCurrentSpeed
 *fill*         0x0800142a        0x2 
 .text.HAL_RCC_OscConfig
                0x0800142c      0x398 Drivers/STM32F4xx_HAL_Driver/Src/stm32f4xx_hal_rcc.o
                0x0800142c                HAL_RCC_OscConfig
 .text.HAL_RCC_GetSysClockFreq
                0x080017c4       0xd8 Drivers/STM32F4xx_HAL_Driver/Src/stm32f4xx_hal_rcc.o
                0x080017c4                HAL_RCC_GetSysClockFreq
 .text.HAL_RCC_ClockConfig
                0x0800189c      0x158 Drivers/STM32F4xx_HAL_Driver/Src/stm32f4xx_hal_rcc.o
                0x0800189c                HAL_RCC_ClockConfig
 .text.HAL_RCC_GetHCLKFreq
                0x080019f4        0xc Drivers/STM32F4xx_HAL_Driver/Src/stm32f4xx_hal_rcc.o
                0x080019f4                HAL_RCC_GetHCLKFreq
 .text.HAL_SRAM_Init
                0x08001a00       0x52 Drivers/STM32F4xx_HAL_Driver/Src/stm32f4xx_hal_sram.o
                0x08001a00                HAL_SRAM_Init
 *fill*         0x08001a52        0x2 
 .text.FSMC_NORSRAM_Init
                0x08001a54       0x5c Drivers/STM32F4xx_HAL_Driver/Src/stm32f4xx_ll_fsmc.o
                0x08001a54                FSMC_NORSRAM_Init
 .text.FSMC_NORSRAM_Timing_Init
                0x08001ab0       0x40 Drivers/STM32F4xx_HAL_Driver/Src/stm32f4xx_ll_fsmc.o
                0x08001ab0                FSMC_NORSRAM_Timing_Init
 .text.FSMC_NORSRAM_Extended_Timing_Init
                0x08001af0       0x44 Drivers/STM32F4xx_HAL_Driver/Src/stm32f4xx_ll_fsmc.o
                0x08001af0                FSMC_NORSRAM_Extended_Timing_Init
 .text.USB_CoreInit
                0x08001b34       0x7c Drivers/STM32F4xx_HAL_Driver/Src/stm32f4xx_ll_usb.o
                0x08001b34                USB_CoreInit
 .text.USB_EnableGlobalInt
                0x08001bb0        0xc Drivers/STM32F4xx_HAL_Driver/Src/stm32f4xx_ll_usb.o
                0x08001bb0                USB_EnableGlobalInt
 .text.USB_DisableGlobalInt
                0x08001bbc        0xc Drivers/STM32F4xx_HAL_Driver/Src/stm32f4xx_ll_usb.o
                0x08001bbc                USB_DisableGlobalInt
 .text.USB_SetCurrentMode
                0x08001bc8       0x2c Drivers/STM32F4xx_HAL_Driver/Src/stm32f4xx_ll_usb.o
                0x08001bc8                USB_SetCurrentMode
 .text.USB_FlushTxFifo
                0x08001bf4       0x28 Drivers/STM32F4xx_HAL_Driver/Src/stm32f4xx_ll_usb.o
                0x08001bf4                USB_FlushTxFifo
 .text.USB_FlushRxFifo
                0x08001c1c       0x24 Drivers/STM32F4xx_HAL_Driver/Src/stm32f4xx_ll_usb.o
                0x08001c1c                USB_FlushRxFifo
 .text.USB_WritePacket
                0x08001c40       0x28 Drivers/STM32F4xx_HAL_Driver/Src/stm32f4xx_ll_usb.o
                0x08001c40                USB_WritePacket
 .text.USB_ReadPacket
                0x08001c68       0x28 Drivers/STM32F4xx_HAL_Driver/Src/stm32f4xx_ll_usb.o
                0x08001c68                USB_ReadPacket
 .text.USB_ReadInterrupts
                0x08001c90        0x8 Drivers/STM32F4xx_HAL_Driver/Src/stm32f4xx_ll_usb.o
                0x08001c90                USB_ReadInterrupts
 .text.USB_GetMode
                0x08001c98        0x8 Drivers/STM32F4xx_HAL_Driver/Src/stm32f4xx_ll_usb.o
                0x08001c98                USB_GetMode
 .text.USB_CoreReset
                0x08001ca0       0x3c Drivers/STM32F4xx_HAL_Driver/Src/stm32f4xx_ll_usb.o
 .text.USB_HostInit
                0x08001cdc       0xec Drivers/STM32F4xx_HAL_Driver/Src/stm32f4xx_ll_usb.o
                0x08001cdc                USB_HostInit
 .text.USB_InitFSLSPClkSel
                0x08001dc8       0x40 Drivers/STM32F4xx_HAL_Driver/Src/stm32f4xx_ll_usb.o
                0x08001dc8                USB_InitFSLSPClkSel
 .text.USB_ResetPort
                0x08001e08       0x34 Drivers/STM32F4xx_HAL_Driver/Src/stm32f4xx_ll_usb.o
                0x08001e08                USB_ResetPort
 .text.USB_DriveVbus
                0x08001e3c       0x42 Drivers/STM32F4xx_HAL_Driver/Src/stm32f4xx_ll_usb.o
                0x08001e3c                USB_DriveVbus
 .text.USB_GetHostSpeed
                0x08001e7e       0x12 Drivers/STM32F4xx_HAL_Driver/Src/stm32f4xx_ll_usb.o
                0x08001e7e                USB_GetHostSpeed
 .text.USB_GetCurrentFrame
                0x08001e90        0xa Drivers/STM32F4xx_HAL_Driver/Src/stm32f4xx_ll_usb.o
                0x08001e90                USB_GetCurrentFrame
 .text.USB_HC_Init
                0x08001e9a       0xe0 Drivers/STM32F4xx_HAL_Driver/Src/stm32f4xx_ll_usb.o
                0x08001e9a                USB_HC_Init
 *fill*         0x08001f7a        0x2 
 .text.USB_HC_StartXfer
                0x08001f7c      0x274 Drivers/STM32F4xx_HAL_Driver/Src/stm32f4xx_ll_usb.o
                0x08001f7c                USB_HC_StartXfer
 .text.USB_HC_ReadInterrupt
                0x080021f0       0x1e Drivers/STM32F4xx_HAL_Driver/Src/stm32f4xx_ll_usb.o
                0x080021f0                USB_HC_ReadInterrupt
 .text.USB_HC_Halt
                0x0800220e      0x1c2 Drivers/STM32F4xx_HAL_Driver/Src/stm32f4xx_ll_usb.o
                0x0800220e                USB_HC_Halt
 .text.USB_DoPing
                0x080023d0       0x74 Drivers/STM32F4xx_HAL_Driver/Src/stm32f4xx_ll_usb.o
                0x080023d0                USB_DoPing
 .text.USB_StopHost
                0x08002444      0x108 Drivers/STM32F4xx_HAL_Driver/Src/stm32f4xx_ll_usb.o
                0x08002444                USB_StopHost
 .text.USBH_MSC_SOFProcess
                0x0800254c        0x4 Middlewares/ST/STM32_USB_Host_Library/Class/MSC/Src/usbh_msc.o
 .text.USBH_MSC_Process
                0x08002550      0x2a0 Middlewares/ST/STM32_USB_Host_Library/Class/MSC/Src/usbh_msc.o
 .text.USBH_MSC_ClassRequest
                0x080027f0       0x66 Middlewares/ST/STM32_USB_Host_Library/Class/MSC/Src/usbh_msc.o
 .text.USBH_MSC_InterfaceDeInit
                0x08002856       0x50 Middlewares/ST/STM32_USB_Host_Library/Class/MSC/Src/usbh_msc.o
 .text.USBH_MSC_InterfaceInit
                0x080028a6      0x130 Middlewares/ST/STM32_USB_Host_Library/Class/MSC/Src/usbh_msc.o
 .text.USBH_MSC_RdWrProcess
                0x080029d6       0xfc Middlewares/ST/STM32_USB_Host_Library/Class/MSC/Src/usbh_msc.o
 .text.USBH_MSC_UnitIsReady
                0x08002ad2       0x24 Middlewares/ST/STM32_USB_Host_Library/Class/MSC/Src/usbh_msc.o
                0x08002ad2                USBH_MSC_UnitIsReady
 .text.USBH_MSC_GetLUNInfo
                0x08002af6       0x44 Middlewares/ST/STM32_USB_Host_Library/Class/MSC/Src/usbh_msc.o
                0x08002af6                USBH_MSC_GetLUNInfo
 .text.USBH_MSC_Read
                0x08002b3a       0x94 Middlewares/ST/STM32_USB_Host_Library/Class/MSC/Src/usbh_msc.o
                0x08002b3a                USBH_MSC_Read
 .text.USBH_MSC_Write
                0x08002bce       0x94 Middlewares/ST/STM32_USB_Host_Library/Class/MSC/Src/usbh_msc.o
                0x08002bce                USBH_MSC_Write
 *fill*         0x08002c62        0x2 
 .text.USBH_MSC_DecodeCSW
                0x08002c64       0x50 Middlewares/ST/STM32_USB_Host_Library/Class/MSC/Src/usbh_msc_bot.o
 .text.USBH_MSC_BOT_Abort
                0x08002cb4       0x22 Middlewares/ST/STM32_USB_Host_Library/Class/MSC/Src/usbh_msc_bot.o
 .text.USBH_MSC_BOT_REQ_Reset
                0x08002cd6       0x1a Middlewares/ST/STM32_USB_Host_Library/Class/MSC/Src/usbh_msc_bot.o
                0x08002cd6                USBH_MSC_BOT_REQ_Reset
 .text.USBH_MSC_BOT_REQ_GetMaxLUN
                0x08002cf0       0x1a Middlewares/ST/STM32_USB_Host_Library/Class/MSC/Src/usbh_msc_bot.o
                0x08002cf0                USBH_MSC_BOT_REQ_GetMaxLUN
 *fill*         0x08002d0a        0x2 
 .text.USBH_MSC_BOT_Init
                0x08002d0c       0x24 Middlewares/ST/STM32_USB_Host_Library/Class/MSC/Src/usbh_msc_bot.o
                0x08002d0c                USBH_MSC_BOT_Init
 .text.USBH_MSC_BOT_Process
                0x08002d30      0x262 Middlewares/ST/STM32_USB_Host_Library/Class/MSC/Src/usbh_msc_bot.o
                0x08002d30                USBH_MSC_BOT_Process
 .text.USBH_MSC_SCSI_TestUnitReady
                0x08002f92       0x4e Middlewares/ST/STM32_USB_Host_Library/Class/MSC/Src/usbh_msc_scsi.o
                0x08002f92                USBH_MSC_SCSI_TestUnitReady
 .text.USBH_MSC_SCSI_ReadCapacity
                0x08002fe0       0x8e Middlewares/ST/STM32_USB_Host_Library/Class/MSC/Src/usbh_msc_scsi.o
                0x08002fe0                USBH_MSC_SCSI_ReadCapacity
 .text.USBH_MSC_SCSI_Inquiry
                0x0800306e       0xcc Middlewares/ST/STM32_USB_Host_Library/Class/MSC/Src/usbh_msc_scsi.o
                0x0800306e                USBH_MSC_SCSI_Inquiry
 .text.USBH_MSC_SCSI_RequestSense
                0x0800313a       0x94 Middlewares/ST/STM32_USB_Host_Library/Class/MSC/Src/usbh_msc_scsi.o
                0x0800313a                USBH_MSC_SCSI_RequestSense
 .text.USBH_MSC_SCSI_Write
                0x080031ce       0x84 Middlewares/ST/STM32_USB_Host_Library/Class/MSC/Src/usbh_msc_scsi.o
                0x080031ce                USBH_MSC_SCSI_Write
 .text.USBH_MSC_SCSI_Read
                0x08003252       0x86 Middlewares/ST/STM32_USB_Host_Library/Class/MSC/Src/usbh_msc_scsi.o
                0x08003252                USBH_MSC_SCSI_Read
 .text.DeInitStateMachine
                0x080032d8       0x4c Middlewares/ST/STM32_USB_Host_Library/Core/Src/usbh_core.o
 .text.USBH_HandleSof
                0x08003324       0x1a Middlewares/ST/STM32_USB_Host_Library/Core/Src/usbh_core.o
 .text.USBH_HandleEnum
                0x0800333e      0x16e Middlewares/ST/STM32_USB_Host_Library/Core/Src/usbh_core.o
 .text.USBH_Init
                0x080034ac       0x2e Middlewares/ST/STM32_USB_Host_Library/Core/Src/usbh_core.o
                0x080034ac                USBH_Init
 .text.USBH_RegisterClass
                0x080034da       0x22 Middlewares/ST/STM32_USB_Host_Library/Core/Src/usbh_core.o
                0x080034da                USBH_RegisterClass
 .text.USBH_SelectInterface
                0x080034fc       0x14 Middlewares/ST/STM32_USB_Host_Library/Core/Src/usbh_core.o
                0x080034fc                USBH_SelectInterface
 .text.USBH_FindInterface
                0x08003510       0x52 Middlewares/ST/STM32_USB_Host_Library/Core/Src/usbh_core.o
                0x08003510                USBH_FindInterface
 .text.USBH_Start
                0x08003562       0x14 Middlewares/ST/STM32_USB_Host_Library/Core/Src/usbh_core.o
                0x08003562                USBH_Start
 .text.USBH_Process
                0x08003576      0x192 Middlewares/ST/STM32_USB_Host_Library/Core/Src/usbh_core.o
                0x08003576                USBH_Process
 .text.USBH_LL_SetTimer
                0x08003708        0x6 Middlewares/ST/STM32_USB_Host_Library/Core/Src/usbh_core.o
                0x08003708                USBH_LL_SetTimer
 .text.USBH_LL_IncTimer
                0x0800370e       0x12 Middlewares/ST/STM32_USB_Host_Library/Core/Src/usbh_core.o
                0x0800370e                USBH_LL_IncTimer
 .text.USBH_LL_Connect
                0x08003720       0x28 Middlewares/ST/STM32_USB_Host_Library/Core/Src/usbh_core.o
                0x08003720                USBH_LL_Connect
 .text.USBH_LL_Disconnect
                0x08003748       0x38 Middlewares/ST/STM32_USB_Host_Library/Core/Src/usbh_core.o
                0x08003748                USBH_LL_Disconnect
 .text.USBH_ParseDevDesc
                0x08003780       0x5c Middlewares/ST/STM32_USB_Host_Library/Core/Src/usbh_ctlreq.o
 .text.USBH_ParseInterfaceDesc
                0x080037dc       0x26 Middlewares/ST/STM32_USB_Host_Library/Core/Src/usbh_ctlreq.o
 .text.USBH_ParseEPDesc
                0x08003802       0x20 Middlewares/ST/STM32_USB_Host_Library/Core/Src/usbh_ctlreq.o
 .text.USBH_ParseStringDesc
                0x08003822       0x3c Middlewares/ST/STM32_USB_Host_Library/Core/Src/usbh_ctlreq.o
 .text.USBH_HandleControl
                0x0800385e      0x1cc Middlewares/ST/STM32_USB_Host_Library/Core/Src/usbh_ctlreq.o
 .text.USBH_GetNextDesc
                0x08003a2a        0xe Middlewares/ST/STM32_USB_Host_Library/Core/Src/usbh_ctlreq.o
                0x08003a2a                USBH_GetNextDesc
 .text.USBH_ParseCfgDesc
                0x08003a38       0xc8 Middlewares/ST/STM32_USB_Host_Library/Core/Src/usbh_ctlreq.o
 .text.USBH_CtlReq
                0x08003b00       0x40 Middlewares/ST/STM32_USB_Host_Library/Core/Src/usbh_ctlreq.o
                0x08003b00                USBH_CtlReq
 .text.USBH_GetDescriptor
                0x08003b40       0x3c Middlewares/ST/STM32_USB_Host_Library/Core/Src/usbh_ctlreq.o
                0x08003b40                USBH_GetDescriptor
 .text.USBH_Get_DevDesc
                0x08003b7c       0x32 Middlewares/ST/STM32_USB_Host_Library/Core/Src/usbh_ctlreq.o
                0x08003b7c                USBH_Get_DevDesc
 .text.USBH_Get_CfgDesc
                0x08003bae       0x32 Middlewares/ST/STM32_USB_Host_Library/Core/Src/usbh_ctlreq.o
                0x08003bae                USBH_Get_CfgDesc
 .text.USBH_Get_StringDesc
                0x08003be0       0x30 Middlewares/ST/STM32_USB_Host_Library/Core/Src/usbh_ctlreq.o
                0x08003be0                USBH_Get_StringDesc
 .text.USBH_SetAddress
                0x08003c10       0x22 Middlewares/ST/STM32_USB_Host_Library/Core/Src/usbh_ctlreq.o
                0x08003c10                USBH_SetAddress
 .text.USBH_SetCfg
                0x08003c32       0x22 Middlewares/ST/STM32_USB_Host_Library/Core/Src/usbh_ctlreq.o
                0x08003c32                USBH_SetCfg
 .text.USBH_ClrFeature
                0x08003c54       0x24 Middlewares/ST/STM32_USB_Host_Library/Core/Src/usbh_ctlreq.o
                0x08003c54                USBH_ClrFeature
 .text.USBH_CtlSendSetup
                0x08003c78       0x22 Middlewares/ST/STM32_USB_Host_Library/Core/Src/usbh_ioreq.o
                0x08003c78                USBH_CtlSendSetup
 .text.USBH_CtlSendData
                0x08003c9a       0x2c Middlewares/ST/STM32_USB_Host_Library/Core/Src/usbh_ioreq.o
                0x08003c9a                USBH_CtlSendData
 .text.USBH_CtlReceiveData
                0x08003cc6       0x20 Middlewares/ST/STM32_USB_Host_Library/Core/Src/usbh_ioreq.o
                0x08003cc6                USBH_CtlReceiveData
 .text.USBH_BulkSendData
                0x08003ce6       0x2c Middlewares/ST/STM32_USB_Host_Library/Core/Src/usbh_ioreq.o
                0x08003ce6                USBH_BulkSendData
 .text.USBH_BulkReceiveData
                0x08003d12       0x20 Middlewares/ST/STM32_USB_Host_Library/Core/Src/usbh_ioreq.o
                0x08003d12                USBH_BulkReceiveData
 .text.USBH_GetFreePipe
                0x08003d32       0x26 Middlewares/ST/STM32_USB_Host_Library/Core/Src/usbh_pipes.o
 .text.USBH_OpenPipe
                0x08003d58       0x20 Middlewares/ST/STM32_USB_Host_Library/Core/Src/usbh_pipes.o
                0x08003d58                USBH_OpenPipe
 .text.USBH_ClosePipe
                0x08003d78        0xa Middlewares/ST/STM32_USB_Host_Library/Core/Src/usbh_pipes.o
                0x08003d78                USBH_ClosePipe
 .text.USBH_AllocPipe
                0x08003d82       0x24 Middlewares/ST/STM32_USB_Host_Library/Core/Src/usbh_pipes.o
                0x08003d82                USBH_AllocPipe
 .text.USBH_FreePipe
                0x08003da6       0x16 Middlewares/ST/STM32_USB_Host_Library/Core/Src/usbh_pipes.o
                0x08003da6                USBH_FreePipe
 .text.disk_status
                0x08003dbc       0x18 Middlewares/Third_Party/FatFs/src/diskio.o
                0x08003dbc                disk_status
 .text.disk_initialize
                0x08003dd4       0x28 Middlewares/Third_Party/FatFs/src/diskio.o
                0x08003dd4                disk_initialize
 .text.disk_read
                0x08003dfc       0x18 Middlewares/Third_Party/FatFs/src/diskio.o
                0x08003dfc                disk_read
 .text.disk_write
                0x08003e14       0x18 Middlewares/Third_Party/FatFs/src/diskio.o
                0x08003e14                disk_write
 .text.disk_ioctl
                0x08003e2c       0x18 Middlewares/Third_Party/FatFs/src/diskio.o
                0x08003e2c                disk_ioctl
 .text.ld_word  0x08003e44        0xa Middlewares/Third_Party/FatFs/src/ff.o
 .text.ld_dword
                0x08003e4e       0x16 Middlewares/Third_Party/FatFs/src/ff.o
 .text.st_word  0x08003e64        0x8 Middlewares/Third_Party/FatFs/src/ff.o
 .text.st_dword
                0x08003e6c       0x14 Middlewares/Third_Party/FatFs/src/ff.o
 .text.mem_cpy  0x08003e80       0x12 Middlewares/Third_Party/FatFs/src/ff.o
 .text.mem_set  0x08003e92        0xa Middlewares/Third_Party/FatFs/src/ff.o
 .text.mem_cmp  0x08003e9c       0x1e Middlewares/Third_Party/FatFs/src/ff.o
 .text.chk_chr  0x08003eba       0x10 Middlewares/Third_Party/FatFs/src/ff.o
 *fill*         0x08003eca        0x2 
 .text.chk_lock
                0x08003ecc       0x74 Middlewares/Third_Party/FatFs/src/ff.o
 .text.enq_lock
                0x08003f40       0x20 Middlewares/Third_Party/FatFs/src/ff.o
 .text.inc_lock
                0x08003f60       0xa4 Middlewares/Third_Party/FatFs/src/ff.o
 .text.clear_lock
                0x08004004       0x3c Middlewares/Third_Party/FatFs/src/ff.o
 .text.clust2sect
                0x08004040       0x18 Middlewares/Third_Party/FatFs/src/ff.o
 .text.clmt_clust
                0x08004058       0x2c Middlewares/Third_Party/FatFs/src/ff.o
 .text.ld_clust
                0x08004084       0x26 Middlewares/Third_Party/FatFs/src/ff.o
 .text.st_clust
                0x080040aa       0x26 Middlewares/Third_Party/FatFs/src/ff.o
 .text.create_name
                0x080040d0       0xcc Middlewares/Third_Party/FatFs/src/ff.o
 .text.get_ldnumber
                0x0800419c       0x54 Middlewares/Third_Party/FatFs/src/ff.o
 .text.validate
                0x080041f0       0x34 Middlewares/Third_Party/FatFs/src/ff.o
 .text.sync_window
                0x08004224       0x54 Middlewares/Third_Party/FatFs/src/ff.o
 .text.move_window
                0x08004278       0x34 Middlewares/Third_Party/FatFs/src/ff.o
 .text.check_fs
                0x080042ac       0x7c Middlewares/Third_Party/FatFs/src/ff.o
 .text.find_volume
                0x08004328      0x350 Middlewares/Third_Party/FatFs/src/ff.o
 .text.put_fat  0x08004678      0x13a Middlewares/Third_Party/FatFs/src/ff.o
 .text.get_fat  0x080047b2       0xfe Middlewares/Third_Party/FatFs/src/ff.o
 .text.dir_sdi  0x080048b0       0xb2 Middlewares/Third_Party/FatFs/src/ff.o
 .text.create_chain
                0x08004962       0xc4 Middlewares/Third_Party/FatFs/src/ff.o
 .text.remove_chain
                0x08004a26       0x88 Middlewares/Third_Party/FatFs/src/ff.o
 .text.dir_next
                0x08004aae      0x114 Middlewares/Third_Party/FatFs/src/ff.o
 .text.dir_find
                0x08004bc2       0x5a Middlewares/Third_Party/FatFs/src/ff.o
 .text.follow_path
                0x08004c1c       0x92 Middlewares/Third_Party/FatFs/src/ff.o
 .text.dir_alloc
                0x08004cae       0x50 Middlewares/Third_Party/FatFs/src/ff.o
 .text.dir_register
                0x08004cfe       0x3e Middlewares/Third_Party/FatFs/src/ff.o
 .text.f_mount  0x08004d3c       0x64 Middlewares/Third_Party/FatFs/src/ff.o
                0x08004d3c                f_mount
 .text.f_open   0x08004da0      0x236 Middlewares/Third_Party/FatFs/src/ff.o
                0x08004da0                f_open
 .text.f_read   0x08004fd6      0x1b2 Middlewares/Third_Party/FatFs/src/ff.o
                0x08004fd6                f_read
 .text.FATFS_LinkDriverEx
                0x08005188       0x48 Middlewares/Third_Party/FatFs/src/ff_gen_drv.o
                0x08005188                FATFS_LinkDriverEx
 .text.FATFS_LinkDriver
                0x080051d0        0xa Middlewares/Third_Party/FatFs/src/ff_gen_drv.o
                0x080051d0                FATFS_LinkDriver
 *fill*         0x080051da        0x2 
 .text.MX_FATFS_Init
                0x080051dc       0x1c Src/fatfs.o
                0x080051dc                MX_FATFS_Init
 .text.get_fattime
                0x080051f8        0x4 Src/fatfs.o
                0x080051f8                get_fattime
 .text.convert_utf8_to_windows1251
                0x080051fc       0x94 Src/fonts.o
                0x080051fc                convert_utf8_to_windows1251
 .text.LCD_SetTextColor
                0x08005290       0x18 Src/ili9341.o
                0x08005290                LCD_SetTextColor
 .text.LCD_SetFont
                0x080052a8        0xc Src/ili9341.o
                0x080052a8                LCD_SetFont
 .text.LCD_SetRecordingArea
                0x080052b4       0x70 Src/ili9341.o
                0x080052b4                LCD_SetRecordingArea
 .text.LCD_DrawChar
                0x08005324      0x10c Src/ili9341.o
                0x08005324                LCD_DrawChar
 .text.LCD_DisplayChar
                0x08005430       0x24 Src/ili9341.o
                0x08005430                LCD_DisplayChar
 .text.LCD_DisplayStringLine
                0x08005454       0x7c Src/ili9341.o
                0x08005454                LCD_DisplayStringLine
 .text.LCD_Init
                0x080054d0      0x1a0 Src/ili9341.o
                0x080054d0                LCD_Init
 .text.LCD_FillScreen
                0x08005670       0x30 Src/ili9341.o
                0x08005670                LCD_FillScreen
 .text.LCD_DrawRect
                0x080056a0       0x34 Src/ili9341.o
                0x080056a0                LCD_DrawRect
 .text.LCD_DrawPixel
                0x080056d4       0x20 Src/ili9341.o
                0x080056d4                LCD_DrawPixel
 .text.LCD_DrawLine
                0x080056f4      0x162 Src/ili9341.o
                0x080056f4                LCD_DrawLine
 *fill*         0x08005856        0x2 
 .text.MX_GPIO_Init
                0x08005858       0xbc Src/main.o
 .text.DrawAudioChart
                0x08005914       0xb0 Src/main.o
                0x08005914                DrawAudioChart
 .text.DrawWavHeader
                0x080059c4       0xc0 Src/main.o
                0x080059c4                DrawWavHeader
 .text.DrawClef
                0x08005a84      0x174 Src/main.o
                0x08005a84                DrawClef
 .text.FileRead
                0x08005bf8       0xd8 Src/main.o
                0x08005bf8                FileRead
 .text._Error_Handler
                0x08005cd0        0x2 Src/main.o
                0x08005cd0                _Error_Handler
 *fill*         0x08005cd2        0x2 
 .text.MX_FSMC_Init
                0x08005cd4       0x68 Src/main.o
 .text.SystemClock_Config
                0x08005d3c       0xcc Src/main.o
                0x08005d3c                SystemClock_Config
 .text.main     0x08005e08       0x40 Src/main.o
                0x08005e08                main
 .text.HAL_FSMC_MspInit
                0x08005e48       0x70 Src/stm32f4xx_hal_msp.o
 .text.HAL_MspInit
                0x08005eb8       0x94 Src/stm32f4xx_hal_msp.o
                0x08005eb8                HAL_MspInit
 .text.HAL_SRAM_MspInit
                0x08005f4c        0x8 Src/stm32f4xx_hal_msp.o
                0x08005f4c                HAL_SRAM_MspInit
 .text.NMI_Handler
                0x08005f54        0x2 Src/stm32f4xx_it.o
                0x08005f54                NMI_Handler
 .text.HardFault_Handler
                0x08005f56        0x2 Src/stm32f4xx_it.o
                0x08005f56                HardFault_Handler
 .text.MemManage_Handler
                0x08005f58        0x2 Src/stm32f4xx_it.o
                0x08005f58                MemManage_Handler
 .text.BusFault_Handler
                0x08005f5a        0x2 Src/stm32f4xx_it.o
                0x08005f5a                BusFault_Handler
 .text.UsageFault_Handler
                0x08005f5c        0x2 Src/stm32f4xx_it.o
                0x08005f5c                UsageFault_Handler
 .text.SVC_Handler
                0x08005f5e        0x2 Src/stm32f4xx_it.o
                0x08005f5e                SVC_Handler
 .text.DebugMon_Handler
                0x08005f60        0x2 Src/stm32f4xx_it.o
                0x08005f60                DebugMon_Handler
 .text.PendSV_Handler
                0x08005f62        0x2 Src/stm32f4xx_it.o
                0x08005f62                PendSV_Handler
 .text.SysTick_Handler
                0x08005f64        0xc Src/stm32f4xx_it.o
                0x08005f64                SysTick_Handler
 .text.OTG_FS_IRQHandler
                0x08005f70       0x10 Src/stm32f4xx_it.o
                0x08005f70                OTG_FS_IRQHandler
 .text.SystemInit
                0x08005f80       0x4c Src/system_stm32f4xx.o
                0x08005f80                SystemInit
 .text.USBH_UserProcess
                0x08005fcc       0x2c Src/usb_host.o
 .text.MX_USB_HOST_Init
                0x08005ff8       0x2c Src/usb_host.o
                0x08005ff8                MX_USB_HOST_Init
 .text.MX_USB_HOST_Process
                0x08006024       0x10 Src/usb_host.o
                0x08006024                MX_USB_HOST_Process
 .text.HAL_HCD_MspInit
                0x08006034       0x7c Src/usbh_conf.o
                0x08006034                HAL_HCD_MspInit
 .text.HAL_HCD_SOF_Callback
                0x080060b0        0xc Src/usbh_conf.o
                0x080060b0                HAL_HCD_SOF_Callback
 .text.HAL_HCD_Connect_Callback
                0x080060bc        0xc Src/usbh_conf.o
                0x080060bc                HAL_HCD_Connect_Callback
 .text.HAL_HCD_Disconnect_Callback
                0x080060c8        0xc Src/usbh_conf.o
                0x080060c8                HAL_HCD_Disconnect_Callback
 .text.HAL_HCD_HC_NotifyURBChange_Callback
                0x080060d4        0x2 Src/usbh_conf.o
                0x080060d4                HAL_HCD_HC_NotifyURBChange_Callback
 *fill*         0x080060d6        0x2 
 .text.USBH_LL_Init
                0x080060d8       0x5c Src/usbh_conf.o
                0x080060d8                USBH_LL_Init
 .text.USBH_LL_Start
                0x08006134       0x1c Src/usbh_conf.o
                0x08006134                USBH_LL_Start
 .text.USBH_LL_Stop
                0x08006150       0x1c Src/usbh_conf.o
                0x08006150                USBH_LL_Stop
 .text.USBH_LL_GetSpeed
                0x0800616c       0x1c Src/usbh_conf.o
                0x0800616c                USBH_LL_GetSpeed
 .text.USBH_LL_ResetPort
                0x08006188       0x1c Src/usbh_conf.o
                0x08006188                USBH_LL_ResetPort
 .text.USBH_LL_GetLastXferSize
                0x080061a4        0xc Src/usbh_conf.o
                0x080061a4                USBH_LL_GetLastXferSize
 .text.USBH_LL_OpenPipe
                0x080061b0       0x32 Src/usbh_conf.o
                0x080061b0                USBH_LL_OpenPipe
 .text.USBH_LL_ClosePipe
                0x080061e2       0x1c Src/usbh_conf.o
                0x080061e2                USBH_LL_ClosePipe
 .text.USBH_LL_SubmitURB
                0x080061fe       0x36 Src/usbh_conf.o
                0x080061fe                USBH_LL_SubmitURB
 .text.USBH_LL_GetURBState
                0x08006234        0xc Src/usbh_conf.o
                0x08006234                USBH_LL_GetURBState
 .text.USBH_LL_DriverVBUS
                0x08006240        0xc Src/usbh_conf.o
                0x08006240                USBH_LL_DriverVBUS
 .text.USBH_LL_SetToggle
                0x0800624c       0x32 Src/usbh_conf.o
                0x0800624c                USBH_LL_SetToggle
 .text.USBH_LL_GetToggle
                0x0800627e       0x2a Src/usbh_conf.o
                0x0800627e                USBH_LL_GetToggle
 .text.USBH_Delay
                0x080062a8        0x8 Src/usbh_conf.o
                0x080062a8                USBH_Delay
 .text.USBH_initialize
                0x080062b0        0x4 Src/usbh_diskio.o
                0x080062b0                USBH_initialize
 .text.USBH_status
                0x080062b4       0x18 Src/usbh_diskio.o
                0x080062b4                USBH_status
 .text.USBH_read
                0x080062cc       0x40 Src/usbh_diskio.o
                0x080062cc                USBH_read
 .text.USBH_ioctl
                0x0800630c       0x68 Src/usbh_diskio.o
                0x0800630c                USBH_ioctl
 .text.USBH_write
                0x08006374       0x4c Src/usbh_diskio.o
                0x08006374                USBH_write
 .text.Reset_Handler
                0x080063c0       0x50 startup/startup_stm32f407xx.o
                0x080063c0                Reset_Handler
 .text.Default_Handler
                0x08006410        0x2 startup/startup_stm32f407xx.o
                0x08006410                RTC_Alarm_IRQHandler
                0x08006410                HASH_RNG_IRQHandler
                0x08006410                EXTI2_IRQHandler
                0x08006410                TIM8_CC_IRQHandler
                0x08006410                TIM1_CC_IRQHandler
                0x08006410                DMA2_Stream5_IRQHandler
                0x08006410                DMA1_Stream5_IRQHandler
                0x08006410                PVD_IRQHandler
                0x08006410                SDIO_IRQHandler
                0x08006410                TAMP_STAMP_IRQHandler
                0x08006410                CAN2_RX1_IRQHandler
                0x08006410                EXTI3_IRQHandler
                0x08006410                TIM8_TRG_COM_TIM14_IRQHandler
                0x08006410                TIM1_UP_TIM10_IRQHandler
                0x08006410                TIM8_UP_TIM13_IRQHandler
                0x08006410                I2C3_ER_IRQHandler
                0x08006410                EXTI0_IRQHandler
                0x08006410                I2C2_EV_IRQHandler
                0x08006410                DMA1_Stream2_IRQHandler
                0x08006410                CAN1_RX0_IRQHandler
                0x08006410                FPU_IRQHandler
                0x08006410                OTG_HS_WKUP_IRQHandler
                0x08006410                CAN2_SCE_IRQHandler
                0x08006410                DMA2_Stream2_IRQHandler
                0x08006410                SPI1_IRQHandler
                0x08006410                TIM6_DAC_IRQHandler
                0x08006410                TIM1_BRK_TIM9_IRQHandler
                0x08006410                DCMI_IRQHandler
                0x08006410                CAN2_RX0_IRQHandler
                0x08006410                DMA2_Stream3_IRQHandler
                0x08006410                USART6_IRQHandler
                0x08006410                USART3_IRQHandler
                0x08006410                CAN1_RX1_IRQHandler
                0x08006410                UART5_IRQHandler
                0x08006410                DMA2_Stream0_IRQHandler
                0x08006410                TIM4_IRQHandler
                0x08006410                I2C1_EV_IRQHandler
                0x08006410                DMA1_Stream6_IRQHandler
                0x08006410                DMA1_Stream1_IRQHandler
                0x08006410                UART4_IRQHandler
                0x08006410                TIM3_IRQHandler
                0x08006410                RCC_IRQHandler
                0x08006410                TIM8_BRK_TIM12_IRQHandler
                0x08006410                Default_Handler
                0x08006410                EXTI15_10_IRQHandler
                0x08006410                ADC_IRQHandler
                0x08006410                DMA1_Stream7_IRQHandler
                0x08006410                TIM7_IRQHandler
                0x08006410                CAN2_TX_IRQHandler
                0x08006410                TIM5_IRQHandler
                0x08006410                DMA2_Stream7_IRQHandler
                0x08006410                I2C3_EV_IRQHandler
                0x08006410                EXTI9_5_IRQHandler
                0x08006410                RTC_WKUP_IRQHandler
                0x08006410                ETH_WKUP_IRQHandler
                0x08006410                SPI2_IRQHandler
                0x08006410                OTG_HS_EP1_IN_IRQHandler
                0x08006410                DMA1_Stream0_IRQHandler
                0x08006410                CAN1_TX_IRQHandler
                0x08006410                EXTI4_IRQHandler
                0x08006410                FSMC_IRQHandler
                0x08006410                ETH_IRQHandler
                0x08006410                OTG_HS_EP1_OUT_IRQHandler
                0x08006410                WWDG_IRQHandler
                0x08006410                TIM2_IRQHandler
                0x08006410                OTG_FS_WKUP_IRQHandler
                0x08006410                TIM1_TRG_COM_TIM11_IRQHandler
                0x08006410                OTG_HS_IRQHandler
                0x08006410                EXTI1_IRQHandler
                0x08006410                USART2_IRQHandler
                0x08006410                I2C2_ER_IRQHandler
                0x08006410                DMA2_Stream1_IRQHandler
                0x08006410                CAN1_SCE_IRQHandler
                0x08006410                FLASH_IRQHandler
                0x08006410                DMA2_Stream4_IRQHandler
                0x08006410                USART1_IRQHandler
                0x08006410                SPI3_IRQHandler
                0x08006410                DMA1_Stream4_IRQHandler
                0x08006410                I2C1_ER_IRQHandler
                0x08006410                DMA2_Stream6_IRQHandler
                0x08006410                DMA1_Stream3_IRQHandler
 *fill*         0x08006412        0x2 
 .text.__libc_init_array
                0x08006414       0x48 c:/ac6/systemworkbench/plugins/fr.ac6.mcu.externaltools.arm-none.win32_1.16.0.201807130628/tools/compiler/bin/../lib/gcc/arm-none-eabi/7.2.1/../../../../arm-none-eabi/lib/thumb/v7e-m/fpv4-sp/hard\libc_nano.a(lib_a-init.o)
                0x08006414                __libc_init_array
 .text.malloc   0x0800645c       0x10 c:/ac6/systemworkbench/plugins/fr.ac6.mcu.externaltools.arm-none.win32_1.16.0.201807130628/tools/compiler/bin/../lib/gcc/arm-none-eabi/7.2.1/../../../../arm-none-eabi/lib/thumb/v7e-m/fpv4-sp/hard\libc_nano.a(lib_a-malloc.o)
                0x0800645c                malloc
 .text.free     0x0800646c       0x10 c:/ac6/systemworkbench/plugins/fr.ac6.mcu.externaltools.arm-none.win32_1.16.0.201807130628/tools/compiler/bin/../lib/gcc/arm-none-eabi/7.2.1/../../../../arm-none-eabi/lib/thumb/v7e-m/fpv4-sp/hard\libc_nano.a(lib_a-malloc.o)
                0x0800646c                free
 .text.memset   0x0800647c       0x10 c:/ac6/systemworkbench/plugins/fr.ac6.mcu.externaltools.arm-none.win32_1.16.0.201807130628/tools/compiler/bin/../lib/gcc/arm-none-eabi/7.2.1/../../../../arm-none-eabi/lib/thumb/v7e-m/fpv4-sp/hard\libc_nano.a(lib_a-memset.o)
                0x0800647c                memset
 .text._free_r  0x0800648c       0x9c c:/ac6/systemworkbench/plugins/fr.ac6.mcu.externaltools.arm-none.win32_1.16.0.201807130628/tools/compiler/bin/../lib/gcc/arm-none-eabi/7.2.1/../../../../arm-none-eabi/lib/thumb/v7e-m/fpv4-sp/hard\libc_nano.a(lib_a-nano-freer.o)
                0x0800648c                _free_r
 .text._malloc_r
                0x08006528       0xb4 c:/ac6/systemworkbench/plugins/fr.ac6.mcu.externaltools.arm-none.win32_1.16.0.201807130628/tools/compiler/bin/../lib/gcc/arm-none-eabi/7.2.1/../../../../arm-none-eabi/lib/thumb/v7e-m/fpv4-sp/hard\libc_nano.a(lib_a-nano-mallocr.o)
                0x08006528                _malloc_r
 .text._sbrk_r  0x080065dc       0x20 c:/ac6/systemworkbench/plugins/fr.ac6.mcu.externaltools.arm-none.win32_1.16.0.201807130628/tools/compiler/bin/../lib/gcc/arm-none-eabi/7.2.1/../../../../arm-none-eabi/lib/thumb/v7e-m/fpv4-sp/hard\libc_nano.a(lib_a-sbrkr.o)
                0x080065dc                _sbrk_r
 .text.sprintf  0x080065fc       0x40 c:/ac6/systemworkbench/plugins/fr.ac6.mcu.externaltools.arm-none.win32_1.16.0.201807130628/tools/compiler/bin/../lib/gcc/arm-none-eabi/7.2.1/../../../../arm-none-eabi/lib/thumb/v7e-m/fpv4-sp/hard\libc_nano.a(lib_a-sprintf.o)
                0x080065fc                siprintf
                0x080065fc                sprintf
 .text.__malloc_lock
                0x0800663c        0x2 c:/ac6/systemworkbench/plugins/fr.ac6.mcu.externaltools.arm-none.win32_1.16.0.201807130628/tools/compiler/bin/../lib/gcc/arm-none-eabi/7.2.1/../../../../arm-none-eabi/lib/thumb/v7e-m/fpv4-sp/hard\libc_nano.a(lib_a-mlock.o)
                0x0800663c                __malloc_lock
 .text.__malloc_unlock
                0x0800663e        0x2 c:/ac6/systemworkbench/plugins/fr.ac6.mcu.externaltools.arm-none.win32_1.16.0.201807130628/tools/compiler/bin/../lib/gcc/arm-none-eabi/7.2.1/../../../../arm-none-eabi/lib/thumb/v7e-m/fpv4-sp/hard\libc_nano.a(lib_a-mlock.o)
                0x0800663e                __malloc_unlock
 .text.__ssputs_r
                0x08006640       0xb4 c:/ac6/systemworkbench/plugins/fr.ac6.mcu.externaltools.arm-none.win32_1.16.0.201807130628/tools/compiler/bin/../lib/gcc/arm-none-eabi/7.2.1/../../../../arm-none-eabi/lib/thumb/v7e-m/fpv4-sp/hard\libc_nano.a(lib_a-nano-svfprintf.o)
                0x08006640                __ssputs_r
 .text._svfprintf_r
                0x080066f4      0x1ec c:/ac6/systemworkbench/plugins/fr.ac6.mcu.externaltools.arm-none.win32_1.16.0.201807130628/tools/compiler/bin/../lib/gcc/arm-none-eabi/7.2.1/../../../../arm-none-eabi/lib/thumb/v7e-m/fpv4-sp/hard\libc_nano.a(lib_a-nano-svfprintf.o)
                0x080066f4                _svfiprintf_r
                0x080066f4                _svfprintf_r
 .text._printf_common
                0x080068e0       0xea c:/ac6/systemworkbench/plugins/fr.ac6.mcu.externaltools.arm-none.win32_1.16.0.201807130628/tools/compiler/bin/../lib/gcc/arm-none-eabi/7.2.1/../../../../arm-none-eabi/lib/thumb/v7e-m/fpv4-sp/hard\libc_nano.a(lib_a-nano-vfprintf_i.o)
                0x080068e0                _printf_common
 *fill*         0x080069ca        0x2 
 .text._printf_i
                0x080069cc      0x224 c:/ac6/systemworkbench/plugins/fr.ac6.mcu.externaltools.arm-none.win32_1.16.0.201807130628/tools/compiler/bin/../lib/gcc/arm-none-eabi/7.2.1/../../../../arm-none-eabi/lib/thumb/v7e-m/fpv4-sp/hard\libc_nano.a(lib_a-nano-vfprintf_i.o)
                0x080069cc                _printf_i
 .text.memcpy   0x08006bf0       0x16 c:/ac6/systemworkbench/plugins/fr.ac6.mcu.externaltools.arm-none.win32_1.16.0.201807130628/tools/compiler/bin/../lib/gcc/arm-none-eabi/7.2.1/../../../../arm-none-eabi/lib/thumb/v7e-m/fpv4-sp/hard\libc_nano.a(lib_a-memcpy-stub.o)
                0x08006bf0                memcpy
 .text.memmove  0x08006c06       0x32 c:/ac6/systemworkbench/plugins/fr.ac6.mcu.externaltools.arm-none.win32_1.16.0.201807130628/tools/compiler/bin/../lib/gcc/arm-none-eabi/7.2.1/../../../../arm-none-eabi/lib/thumb/v7e-m/fpv4-sp/hard\libc_nano.a(lib_a-memmove.o)
                0x08006c06                memmove
 .text._realloc_r
                0x08006c38       0x4c c:/ac6/systemworkbench/plugins/fr.ac6.mcu.externaltools.arm-none.win32_1.16.0.201807130628/tools/compiler/bin/../lib/gcc/arm-none-eabi/7.2.1/../../../../arm-none-eabi/lib/thumb/v7e-m/fpv4-sp/hard\libc_nano.a(lib_a-nano-reallocr.o)
                0x08006c38                _realloc_r
 .text._malloc_usable_size_r
                0x08006c84       0x10 c:/ac6/systemworkbench/plugins/fr.ac6.mcu.externaltools.arm-none.win32_1.16.0.201807130628/tools/compiler/bin/../lib/gcc/arm-none-eabi/7.2.1/../../../../arm-none-eabi/lib/thumb/v7e-m/fpv4-sp/hard\libc_nano.a(lib_a-nano-msizer.o)
                0x08006c84                _malloc_usable_size_r
 .text._sbrk    0x08006c94       0x1c c:/ac6/systemworkbench/plugins/fr.ac6.mcu.externaltools.arm-none.win32_1.16.0.201807130628/tools/compiler/bin/../lib/gcc/arm-none-eabi/7.2.1/../../../../arm-none-eabi/lib/thumb/v7e-m/fpv4-sp/hard\libnosys.a(sbrk.o)
                0x08006c94                _sbrk
 *(.glue_7)
 .glue_7        0x08006cb0        0x0 linker stubs
 *(.glue_7t)
 .glue_7t       0x08006cb0        0x0 linker stubs
 *(.eh_frame)
 .eh_frame      0x08006cb0        0x0 c:/ac6/systemworkbench/plugins/fr.ac6.mcu.externaltools.arm-none.win32_1.16.0.201807130628/tools/compiler/bin/../lib/gcc/arm-none-eabi/7.2.1/thumb/v7e-m/fpv4-sp/hard/crtbegin.o
 *(.init)
 .init          0x08006cb0        0x4 c:/ac6/systemworkbench/plugins/fr.ac6.mcu.externaltools.arm-none.win32_1.16.0.201807130628/tools/compiler/bin/../lib/gcc/arm-none-eabi/7.2.1/thumb/v7e-m/fpv4-sp/hard/crti.o
                0x08006cb0                _init
 .init          0x08006cb4        0x8 c:/ac6/systemworkbench/plugins/fr.ac6.mcu.externaltools.arm-none.win32_1.16.0.201807130628/tools/compiler/bin/../lib/gcc/arm-none-eabi/7.2.1/thumb/v7e-m/fpv4-sp/hard/crtn.o
 *(.fini)
 .fini          0x08006cbc        0x4 c:/ac6/systemworkbench/plugins/fr.ac6.mcu.externaltools.arm-none.win32_1.16.0.201807130628/tools/compiler/bin/../lib/gcc/arm-none-eabi/7.2.1/thumb/v7e-m/fpv4-sp/hard/crti.o
                0x08006cbc                _fini
 .fini          0x08006cc0        0x8 c:/ac6/systemworkbench/plugins/fr.ac6.mcu.externaltools.arm-none.win32_1.16.0.201807130628/tools/compiler/bin/../lib/gcc/arm-none-eabi/7.2.1/thumb/v7e-m/fpv4-sp/hard/crtn.o
                0x08006cc8                . = ALIGN (0x4)
                0x08006cc8                _etext = .

.vfp11_veneer   0x08006cc8        0x0
 .vfp11_veneer  0x08006cc8        0x0 linker stubs

.v4_bx          0x08006cc8        0x0
 .v4_bx         0x08006cc8        0x0 linker stubs

.iplt           0x08006cc8        0x0
 .iplt          0x08006cc8        0x0 c:/ac6/systemworkbench/plugins/fr.ac6.mcu.externaltools.arm-none.win32_1.16.0.201807130628/tools/compiler/bin/../lib/gcc/arm-none-eabi/7.2.1/thumb/v7e-m/fpv4-sp/hard/crtbegin.o

.rodata         0x08006cc8     0x1fbc
                0x08006cc8                . = ALIGN (0x4)
 *(.rodata)
 .rodata        0x08006cc8       0x9e Middlewares/Third_Party/FatFs/src/ff.o
 *fill*         0x08006d66        0x2 
 .rodata        0x08006d68     0x1aec Src/fonts.o
                0x08006f50                PT_Sans7_GlyphTable
                0x08007650                PT_Sans7_Table
                0x08007904                PT_Sans13_GlyphTable
                0x08008004                PT_Sans13_Table
 .rodata        0x08008854       0x18 Src/system_stm32f4xx.o
                0x08008854                AHBPrescTable
                0x08008864                APBPrescTable
 .rodata        0x0800886c       0x14 Src/usbh_diskio.o
                0x0800886c                USBH_Driver
 *(.rodata*)
 .rodata.str1.4
                0x08008880        0x4 Middlewares/ST/STM32_USB_Host_Library/Class/MSC/Src/usbh_msc.o
 .rodata.str1.4
                0x08008884       0x44 Middlewares/Third_Party/FatFs/src/ff.o
 .rodata.str1.4
                0x080088c8      0x312 Src/main.o
 .rodata.str1.4
                0x08008bda      0x312 Src/usb_host.o
                                  0x1 (size before relaxing)
 *fill*         0x08008bda        0x2 
 .rodata.str1.4
                0x08008bdc       0x14 Src/usbh_conf.o
                                 0x13 (size before relaxing)
 .rodata.__sf_fake_stderr
                0x08008bf0       0x20 c:/ac6/systemworkbench/plugins/fr.ac6.mcu.externaltools.arm-none.win32_1.16.0.201807130628/tools/compiler/bin/../lib/gcc/arm-none-eabi/7.2.1/../../../../arm-none-eabi/lib/thumb/v7e-m/fpv4-sp/hard\libc_nano.a(lib_a-findfp.o)
                0x08008bf0                __sf_fake_stderr
 .rodata.__sf_fake_stdin
                0x08008c10       0x20 c:/ac6/systemworkbench/plugins/fr.ac6.mcu.externaltools.arm-none.win32_1.16.0.201807130628/tools/compiler/bin/../lib/gcc/arm-none-eabi/7.2.1/../../../../arm-none-eabi/lib/thumb/v7e-m/fpv4-sp/hard\libc_nano.a(lib_a-findfp.o)
                0x08008c10                __sf_fake_stdin
 .rodata.__sf_fake_stdout
                0x08008c30       0x20 c:/ac6/systemworkbench/plugins/fr.ac6.mcu.externaltools.arm-none.win32_1.16.0.201807130628/tools/compiler/bin/../lib/gcc/arm-none-eabi/7.2.1/../../../../arm-none-eabi/lib/thumb/v7e-m/fpv4-sp/hard\libc_nano.a(lib_a-findfp.o)
                0x08008c30                __sf_fake_stdout
 .rodata._svfprintf_r.str1.1
                0x08008c50       0x11 c:/ac6/systemworkbench/plugins/fr.ac6.mcu.externaltools.arm-none.win32_1.16.0.201807130628/tools/compiler/bin/../lib/gcc/arm-none-eabi/7.2.1/../../../../arm-none-eabi/lib/thumb/v7e-m/fpv4-sp/hard\libc_nano.a(lib_a-nano-svfprintf.o)
 .rodata._printf_i.str1.1
                0x08008c61       0x22 c:/ac6/systemworkbench/plugins/fr.ac6.mcu.externaltools.arm-none.win32_1.16.0.201807130628/tools/compiler/bin/../lib/gcc/arm-none-eabi/7.2.1/../../../../arm-none-eabi/lib/thumb/v7e-m/fpv4-sp/hard\libc_nano.a(lib_a-nano-vfprintf_i.o)
                0x08008c84                . = ALIGN (0x4)
 *fill*         0x08008c83        0x1 

.ARM.extab
 *(.ARM.extab* .gnu.linkonce.armextab.*)

.ARM            0x08008c84        0x8
                0x08008c84                __exidx_start = .
 *(.ARM.exidx*)
 .ARM.exidx     0x08008c84        0x8 c:/ac6/systemworkbench/plugins/fr.ac6.mcu.externaltools.arm-none.win32_1.16.0.201807130628/tools/compiler/bin/../lib/gcc/arm-none-eabi/7.2.1/thumb/v7e-m/fpv4-sp/hard\libgcc.a(_udivmoddi4.o)
                0x08008c8c                __exidx_end = .

.rel.dyn        0x08008c8c        0x0
 .rel.iplt      0x08008c8c        0x0 c:/ac6/systemworkbench/plugins/fr.ac6.mcu.externaltools.arm-none.win32_1.16.0.201807130628/tools/compiler/bin/../lib/gcc/arm-none-eabi/7.2.1/thumb/v7e-m/fpv4-sp/hard/crtbegin.o

.preinit_array  0x08008c8c        0x0
                0x08008c8c                PROVIDE (__preinit_array_start, .)
 *(.preinit_array*)
                0x08008c8c                PROVIDE (__preinit_array_end, .)

.init_array     0x08008c8c        0x4
                0x08008c8c                PROVIDE (__init_array_start, .)
 *(SORT_BY_NAME(.init_array.*))
 *(.init_array*)
 .init_array    0x08008c8c        0x4 c:/ac6/systemworkbench/plugins/fr.ac6.mcu.externaltools.arm-none.win32_1.16.0.201807130628/tools/compiler/bin/../lib/gcc/arm-none-eabi/7.2.1/thumb/v7e-m/fpv4-sp/hard/crtbegin.o
                0x08008c90                PROVIDE (__init_array_end, .)

.fini_array     0x08008c90        0x4
                [!provide]                PROVIDE (__fini_array_start, .)
 *(SORT_BY_NAME(.fini_array.*))
 *(.fini_array*)
 .fini_array    0x08008c90        0x4 c:/ac6/systemworkbench/plugins/fr.ac6.mcu.externaltools.arm-none.win32_1.16.0.201807130628/tools/compiler/bin/../lib/gcc/arm-none-eabi/7.2.1/thumb/v7e-m/fpv4-sp/hard/crtbegin.o
                [!provide]                PROVIDE (__fini_array_end, .)
                0x08008c94                _sidata = LOADADDR (.data)

.data           0x20000000       0xac load address 0x08008c94
                0x20000000                . = ALIGN (0x4)
                0x20000000                _sdata = .
 *(.data)
 .data          0x20000000        0x8 Drivers/STM32F4xx_HAL_Driver/Src/stm32f4xx_hal.o
                0x20000000                uwTickFreq
                0x20000004                uwTickPrio
 .data          0x20000008       0x20 Middlewares/ST/STM32_USB_Host_Library/Class/MSC/Src/usbh_msc.o
                0x20000008                USBH_msc
 .data          0x20000028       0x18 Src/fonts.o
                0x20000028                PT_Sans7
                0x20000034                PT_Sans13
 .data          0x20000040        0x2 Src/ili9341.o
                0x20000040                TextColor
 *fill*         0x20000042        0x2 
 .data          0x20000044        0x4 Src/system_stm32f4xx.o
                0x20000044                SystemCoreClock
 *(.data*)
 .data._impure_ptr
                0x20000048        0x4 c:/ac6/systemworkbench/plugins/fr.ac6.mcu.externaltools.arm-none.win32_1.16.0.201807130628/tools/compiler/bin/../lib/gcc/arm-none-eabi/7.2.1/../../../../arm-none-eabi/lib/thumb/v7e-m/fpv4-sp/hard\libc_nano.a(lib_a-impure.o)
                0x20000048                _impure_ptr
 .data.impure_data
                0x2000004c       0x60 c:/ac6/systemworkbench/plugins/fr.ac6.mcu.externaltools.arm-none.win32_1.16.0.201807130628/tools/compiler/bin/../lib/gcc/arm-none-eabi/7.2.1/../../../../arm-none-eabi/lib/thumb/v7e-m/fpv4-sp/hard\libc_nano.a(lib_a-impure.o)
                0x200000ac                . = ALIGN (0x4)
                0x200000ac                _edata = .
                0x08008d40                _siccmram = LOADADDR (.ccmram)

.igot.plt       0x200000ac        0x0 load address 0x08008d40
 .igot.plt      0x200000ac        0x0 c:/ac6/systemworkbench/plugins/fr.ac6.mcu.externaltools.arm-none.win32_1.16.0.201807130628/tools/compiler/bin/../lib/gcc/arm-none-eabi/7.2.1/thumb/v7e-m/fpv4-sp/hard/crtbegin.o

.ccmram         0x10000000        0x0 load address 0x08008d40
                0x10000000                . = ALIGN (0x4)
                0x10000000                _sccmram = .
 *(.ccmram)
 *(.ccmram*)
                0x10000000                . = ALIGN (0x4)
                0x10000000                _eccmram = .
                0x10000000                . = ALIGN (0x4)

.bss            0x200000ac     0x4864
                0x200000ac                _sbss = .
                0x200000ac                __bss_start__ = _sbss
 *(.bss)
 .bss           0x200000ac       0x1c c:/ac6/systemworkbench/plugins/fr.ac6.mcu.externaltools.arm-none.win32_1.16.0.201807130628/tools/compiler/bin/../lib/gcc/arm-none-eabi/7.2.1/thumb/v7e-m/fpv4-sp/hard/crtbegin.o
 .bss           0x200000c8       0x26 Middlewares/Third_Party/FatFs/src/ff.o
 *fill*         0x200000ee        0x2 
 .bss           0x200000f0        0xc Middlewares/Third_Party/FatFs/src/ff_gen_drv.o
                0x200000f0                disk
 .bss           0x200000fc       0x6c Src/ili9341.o
                0x200000fc                BackColor
 .bss           0x20000168        0x4 Src/main.o
                0x20000168                positionX
 .bss           0x2000016c        0x8 Src/stm32f4xx_hal_msp.o
 .bss           0x20000174        0x1 Src/usb_host.o
                0x20000174                Appli_state
 *(.bss*)
 *fill*         0x20000175        0x3 
 .bss.__malloc_free_list
                0x20000178        0x4 c:/ac6/systemworkbench/plugins/fr.ac6.mcu.externaltools.arm-none.win32_1.16.0.201807130628/tools/compiler/bin/../lib/gcc/arm-none-eabi/7.2.1/../../../../arm-none-eabi/lib/thumb/v7e-m/fpv4-sp/hard\libc_nano.a(lib_a-nano-mallocr.o)
                0x20000178                __malloc_free_list
 .bss.__malloc_sbrk_start
                0x2000017c        0x4 c:/ac6/systemworkbench/plugins/fr.ac6.mcu.externaltools.arm-none.win32_1.16.0.201807130628/tools/compiler/bin/../lib/gcc/arm-none-eabi/7.2.1/../../../../arm-none-eabi/lib/thumb/v7e-m/fpv4-sp/hard\libc_nano.a(lib_a-nano-mallocr.o)
                0x2000017c                __malloc_sbrk_start
 .bss.heap_end.5377
                0x20000180        0x4 c:/ac6/systemworkbench/plugins/fr.ac6.mcu.externaltools.arm-none.win32_1.16.0.201807130628/tools/compiler/bin/../lib/gcc/arm-none-eabi/7.2.1/../../../../arm-none-eabi/lib/thumb/v7e-m/fpv4-sp/hard\libnosys.a(sbrk.o)
 *(COMMON)
 COMMON         0x20000184        0x4 Drivers/STM32F4xx_HAL_Driver/Src/stm32f4xx_hal.o
                0x20000184                uwTick
 COMMON         0x20000188     0x2069 Src/fatfs.o
                0x20000188                USBHPath
                0x2000018c                USBHFile
                0x200011bc                USBHFatFS
                0x200021f0                retUSBH
 *fill*         0x200021f1        0x3 
 COMMON         0x200021f4     0x20b8 Src/main.o
                0x200021f4                waveformat
                0x200021f8                hsram1
                0x20002248                MyFile
                0x20003278                USBDISKFatFs
 COMMON         0x200042ac      0x3c8 Src/usb_host.o
                0x200042ac                hUsbHostFS
 COMMON         0x20004674      0x298 Src/usbh_conf.o
                0x20004674                hhcd_USB_OTG_FS
 COMMON         0x2000490c        0x4 c:/ac6/systemworkbench/plugins/fr.ac6.mcu.externaltools.arm-none.win32_1.16.0.201807130628/tools/compiler/bin/../lib/gcc/arm-none-eabi/7.2.1/../../../../arm-none-eabi/lib/thumb/v7e-m/fpv4-sp/hard\libc_nano.a(lib_a-reent.o)
                0x2000490c                errno
                0x20004910                . = ALIGN (0x4)
                0x20004910                _ebss = .
                0x20004910                __bss_end__ = _ebss

._user_heap_stack
                0x20004910      0x600
                0x20004910                . = ALIGN (0x8)
                0x20004910                PROVIDE (end, .)
                [!provide]                PROVIDE (_end, .)
                0x20004b10                . = (. + _Min_Heap_Size)
 *fill*         0x20004910      0x200 
                0x20004f10                . = (. + _Min_Stack_Size)
 *fill*         0x20004b10      0x400 
                0x20004f10                . = ALIGN (0x8)

/DISCARD/
 libc.a(*)
 libm.a(*)
 libgcc.a(*)

.ARM.attributes
                0x00000000       0x30
 *(.ARM.attributes)
 .ARM.attributes
                0x00000000       0x22 c:/ac6/systemworkbench/plugins/fr.ac6.mcu.externaltools.arm-none.win32_1.16.0.201807130628/tools/compiler/bin/../lib/gcc/arm-none-eabi/7.2.1/thumb/v7e-m/fpv4-sp/hard/crti.o
 .ARM.attributes
                0x00000022       0x34 c:/ac6/systemworkbench/plugins/fr.ac6.mcu.externaltools.arm-none.win32_1.16.0.201807130628/tools/compiler/bin/../lib/gcc/arm-none-eabi/7.2.1/thumb/v7e-m/fpv4-sp/hard/crtbegin.o
 .ARM.attributes
                0x00000056       0x39 Drivers/STM32F4xx_HAL_Driver/Src/stm32f4xx_hal.o
 .ARM.attributes
                0x0000008f       0x39 Drivers/STM32F4xx_HAL_Driver/Src/stm32f4xx_hal_cortex.o
 .ARM.attributes
                0x000000c8       0x39 Drivers/STM32F4xx_HAL_Driver/Src/stm32f4xx_hal_gpio.o
 .ARM.attributes
                0x00000101       0x39 Drivers/STM32F4xx_HAL_Driver/Src/stm32f4xx_hal_hcd.o
 .ARM.attributes
                0x0000013a       0x39 Drivers/STM32F4xx_HAL_Driver/Src/stm32f4xx_hal_rcc.o
 .ARM.attributes
                0x00000173       0x39 Drivers/STM32F4xx_HAL_Driver/Src/stm32f4xx_hal_sram.o
 .ARM.attributes
                0x000001ac       0x39 Drivers/STM32F4xx_HAL_Driver/Src/stm32f4xx_ll_fsmc.o
 .ARM.attributes
                0x000001e5       0x39 Drivers/STM32F4xx_HAL_Driver/Src/stm32f4xx_ll_usb.o
 .ARM.attributes
                0x0000021e       0x39 Middlewares/ST/STM32_USB_Host_Library/Class/MSC/Src/usbh_msc.o
 .ARM.attributes
                0x00000257       0x39 Middlewares/ST/STM32_USB_Host_Library/Class/MSC/Src/usbh_msc_bot.o
 .ARM.attributes
                0x00000290       0x39 Middlewares/ST/STM32_USB_Host_Library/Class/MSC/Src/usbh_msc_scsi.o
 .ARM.attributes
                0x000002c9       0x39 Middlewares/ST/STM32_USB_Host_Library/Core/Src/usbh_core.o
 .ARM.attributes
                0x00000302       0x39 Middlewares/ST/STM32_USB_Host_Library/Core/Src/usbh_ctlreq.o
 .ARM.attributes
                0x0000033b       0x39 Middlewares/ST/STM32_USB_Host_Library/Core/Src/usbh_ioreq.o
 .ARM.attributes
                0x00000374       0x39 Middlewares/ST/STM32_USB_Host_Library/Core/Src/usbh_pipes.o
 .ARM.attributes
                0x000003ad       0x39 Middlewares/Third_Party/FatFs/src/diskio.o
 .ARM.attributes
                0x000003e6       0x39 Middlewares/Third_Party/FatFs/src/ff.o
 .ARM.attributes
                0x0000041f       0x39 Middlewares/Third_Party/FatFs/src/ff_gen_drv.o
 .ARM.attributes
                0x00000458       0x39 Src/fatfs.o
 .ARM.attributes
                0x00000491       0x39 Src/fonts.o
 .ARM.attributes
                0x000004ca       0x39 Src/ili9341.o
 .ARM.attributes
                0x00000503       0x39 Src/main.o
 .ARM.attributes
                0x0000053c       0x39 Src/stm32f4xx_hal_msp.o
 .ARM.attributes
                0x00000575       0x39 Src/stm32f4xx_it.o
 .ARM.attributes
                0x000005ae       0x39 Src/system_stm32f4xx.o
 .ARM.attributes
                0x000005e7       0x39 Src/usb_host.o
 .ARM.attributes
                0x00000620       0x39 Src/usbh_conf.o
 .ARM.attributes
                0x00000659       0x39 Src/usbh_diskio.o
 .ARM.attributes
                0x00000692       0x21 startup/startup_stm32f407xx.o
 .ARM.attributes
                0x000006b3       0x22 c:/ac6/systemworkbench/plugins/fr.ac6.mcu.externaltools.arm-none.win32_1.16.0.201807130628/tools/compiler/bin/../lib/gcc/arm-none-eabi/7.2.1/thumb/v7e-m/fpv4-sp/hard\libgcc.a(_aeabi_uldivmod.o)
 .ARM.attributes
                0x000006d5       0x34 c:/ac6/systemworkbench/plugins/fr.ac6.mcu.externaltools.arm-none.win32_1.16.0.201807130628/tools/compiler/bin/../lib/gcc/arm-none-eabi/7.2.1/thumb/v7e-m/fpv4-sp/hard\libgcc.a(_udivmoddi4.o)
 .ARM.attributes
                0x00000709       0x22 c:/ac6/systemworkbench/plugins/fr.ac6.mcu.externaltools.arm-none.win32_1.16.0.201807130628/tools/compiler/bin/../lib/gcc/arm-none-eabi/7.2.1/thumb/v7e-m/fpv4-sp/hard\libgcc.a(_dvmd_tls.o)
 .ARM.attributes
                0x0000072b       0x34 c:/ac6/systemworkbench/plugins/fr.ac6.mcu.externaltools.arm-none.win32_1.16.0.201807130628/tools/compiler/bin/../lib/gcc/arm-none-eabi/7.2.1/../../../../arm-none-eabi/lib/thumb/v7e-m/fpv4-sp/hard\libc_nano.a(lib_a-impure.o)
 .ARM.attributes
                0x0000075f       0x34 c:/ac6/systemworkbench/plugins/fr.ac6.mcu.externaltools.arm-none.win32_1.16.0.201807130628/tools/compiler/bin/../lib/gcc/arm-none-eabi/7.2.1/../../../../arm-none-eabi/lib/thumb/v7e-m/fpv4-sp/hard\libc_nano.a(lib_a-init.o)
 .ARM.attributes
                0x00000793       0x34 c:/ac6/systemworkbench/plugins/fr.ac6.mcu.externaltools.arm-none.win32_1.16.0.201807130628/tools/compiler/bin/../lib/gcc/arm-none-eabi/7.2.1/../../../../arm-none-eabi/lib/thumb/v7e-m/fpv4-sp/hard\libc_nano.a(lib_a-malloc.o)
 .ARM.attributes
                0x000007c7       0x34 c:/ac6/systemworkbench/plugins/fr.ac6.mcu.externaltools.arm-none.win32_1.16.0.201807130628/tools/compiler/bin/../lib/gcc/arm-none-eabi/7.2.1/../../../../arm-none-eabi/lib/thumb/v7e-m/fpv4-sp/hard\libc_nano.a(lib_a-memset.o)
 .ARM.attributes
                0x000007fb       0x34 c:/ac6/systemworkbench/plugins/fr.ac6.mcu.externaltools.arm-none.win32_1.16.0.201807130628/tools/compiler/bin/../lib/gcc/arm-none-eabi/7.2.1/../../../../arm-none-eabi/lib/thumb/v7e-m/fpv4-sp/hard\libc_nano.a(lib_a-nano-freer.o)
 .ARM.attributes
                0x0000082f       0x34 c:/ac6/systemworkbench/plugins/fr.ac6.mcu.externaltools.arm-none.win32_1.16.0.201807130628/tools/compiler/bin/../lib/gcc/arm-none-eabi/7.2.1/../../../../arm-none-eabi/lib/thumb/v7e-m/fpv4-sp/hard\libc_nano.a(lib_a-nano-mallocr.o)
 .ARM.attributes
                0x00000863       0x34 c:/ac6/systemworkbench/plugins/fr.ac6.mcu.externaltools.arm-none.win32_1.16.0.201807130628/tools/compiler/bin/../lib/gcc/arm-none-eabi/7.2.1/../../../../arm-none-eabi/lib/thumb/v7e-m/fpv4-sp/hard\libc_nano.a(lib_a-sbrkr.o)
 .ARM.attributes
                0x00000897       0x34 c:/ac6/systemworkbench/plugins/fr.ac6.mcu.externaltools.arm-none.win32_1.16.0.201807130628/tools/compiler/bin/../lib/gcc/arm-none-eabi/7.2.1/../../../../arm-none-eabi/lib/thumb/v7e-m/fpv4-sp/hard\libc_nano.a(lib_a-sprintf.o)
 .ARM.attributes
                0x000008cb       0x1b c:/ac6/systemworkbench/plugins/fr.ac6.mcu.externaltools.arm-none.win32_1.16.0.201807130628/tools/compiler/bin/../lib/gcc/arm-none-eabi/7.2.1/../../../../arm-none-eabi/lib/thumb/v7e-m/fpv4-sp/hard\libc_nano.a(lib_a-strlen.o)
 .ARM.attributes
                0x000008e6       0x34 c:/ac6/systemworkbench/plugins/fr.ac6.mcu.externaltools.arm-none.win32_1.16.0.201807130628/tools/compiler/bin/../lib/gcc/arm-none-eabi/7.2.1/../../../../arm-none-eabi/lib/thumb/v7e-m/fpv4-sp/hard\libc_nano.a(lib_a-findfp.o)
 .ARM.attributes
                0x0000091a       0x34 c:/ac6/systemworkbench/plugins/fr.ac6.mcu.externaltools.arm-none.win32_1.16.0.201807130628/tools/compiler/bin/../lib/gcc/arm-none-eabi/7.2.1/../../../../arm-none-eabi/lib/thumb/v7e-m/fpv4-sp/hard\libc_nano.a(lib_a-mlock.o)
 .ARM.attributes
                0x0000094e       0x34 c:/ac6/systemworkbench/plugins/fr.ac6.mcu.externaltools.arm-none.win32_1.16.0.201807130628/tools/compiler/bin/../lib/gcc/arm-none-eabi/7.2.1/../../../../arm-none-eabi/lib/thumb/v7e-m/fpv4-sp/hard\libc_nano.a(lib_a-nano-svfprintf.o)
 .ARM.attributes
                0x00000982       0x34 c:/ac6/systemworkbench/plugins/fr.ac6.mcu.externaltools.arm-none.win32_1.16.0.201807130628/tools/compiler/bin/../lib/gcc/arm-none-eabi/7.2.1/../../../../arm-none-eabi/lib/thumb/v7e-m/fpv4-sp/hard\libc_nano.a(lib_a-nano-vfprintf_i.o)
 .ARM.attributes
                0x000009b6       0x34 c:/ac6/systemworkbench/plugins/fr.ac6.mcu.externaltools.arm-none.win32_1.16.0.201807130628/tools/compiler/bin/../lib/gcc/arm-none-eabi/7.2.1/../../../../arm-none-eabi/lib/thumb/v7e-m/fpv4-sp/hard\libc_nano.a(lib_a-reent.o)
 .ARM.attributes
                0x000009ea       0x20 c:/ac6/systemworkbench/plugins/fr.ac6.mcu.externaltools.arm-none.win32_1.16.0.201807130628/tools/compiler/bin/../lib/gcc/arm-none-eabi/7.2.1/../../../../arm-none-eabi/lib/thumb/v7e-m/fpv4-sp/hard\libc_nano.a(lib_a-memchr.o)
 .ARM.attributes
                0x00000a0a       0x34 c:/ac6/systemworkbench/plugins/fr.ac6.mcu.externaltools.arm-none.win32_1.16.0.201807130628/tools/compiler/bin/../lib/gcc/arm-none-eabi/7.2.1/../../../../arm-none-eabi/lib/thumb/v7e-m/fpv4-sp/hard\libc_nano.a(lib_a-memcpy-stub.o)
 .ARM.attributes
                0x00000a3e       0x34 c:/ac6/systemworkbench/plugins/fr.ac6.mcu.externaltools.arm-none.win32_1.16.0.201807130628/tools/compiler/bin/../lib/gcc/arm-none-eabi/7.2.1/../../../../arm-none-eabi/lib/thumb/v7e-m/fpv4-sp/hard\libc_nano.a(lib_a-memmove.o)
 .ARM.attributes
                0x00000a72       0x34 c:/ac6/systemworkbench/plugins/fr.ac6.mcu.externaltools.arm-none.win32_1.16.0.201807130628/tools/compiler/bin/../lib/gcc/arm-none-eabi/7.2.1/../../../../arm-none-eabi/lib/thumb/v7e-m/fpv4-sp/hard\libc_nano.a(lib_a-nano-reallocr.o)
 .ARM.attributes
                0x00000aa6       0x34 c:/ac6/systemworkbench/plugins/fr.ac6.mcu.externaltools.arm-none.win32_1.16.0.201807130628/tools/compiler/bin/../lib/gcc/arm-none-eabi/7.2.1/../../../../arm-none-eabi/lib/thumb/v7e-m/fpv4-sp/hard\libc_nano.a(lib_a-nano-msizer.o)
 .ARM.attributes
                0x00000ada       0x34 c:/ac6/systemworkbench/plugins/fr.ac6.mcu.externaltools.arm-none.win32_1.16.0.201807130628/tools/compiler/bin/../lib/gcc/arm-none-eabi/7.2.1/../../../../arm-none-eabi/lib/thumb/v7e-m/fpv4-sp/hard\libnosys.a(sbrk.o)
 .ARM.attributes
                0x00000b0e       0x22 c:/ac6/systemworkbench/plugins/fr.ac6.mcu.externaltools.arm-none.win32_1.16.0.201807130628/tools/compiler/bin/../lib/gcc/arm-none-eabi/7.2.1/thumb/v7e-m/fpv4-sp/hard/crtn.o
OUTPUT(USB_LCD.elf elf32-littlearm)

.debug_info     0x00000000    0x2c2e5
 .debug_info    0x00000000     0x11d9 Drivers/STM32F4xx_HAL_Driver/Src/stm32f4xx_hal.o
 .debug_info    0x000011d9     0x1755 Drivers/STM32F4xx_HAL_Driver/Src/stm32f4xx_hal_cortex.o
 .debug_info    0x0000292e      0xf93 Drivers/STM32F4xx_HAL_Driver/Src/stm32f4xx_hal_gpio.o
 .debug_info    0x000038c1     0x197e Drivers/STM32F4xx_HAL_Driver/Src/stm32f4xx_hal_hcd.o
 .debug_info    0x0000523f     0x125b Drivers/STM32F4xx_HAL_Driver/Src/stm32f4xx_hal_rcc.o
 .debug_info    0x0000649a     0x13fa Drivers/STM32F4xx_HAL_Driver/Src/stm32f4xx_hal_sram.o
 .debug_info    0x00007894     0x12ba Drivers/STM32F4xx_HAL_Driver/Src/stm32f4xx_ll_fsmc.o
 .debug_info    0x00008b4e     0x1f18 Drivers/STM32F4xx_HAL_Driver/Src/stm32f4xx_ll_usb.o
 .debug_info    0x0000aa66     0x1dfe Middlewares/ST/STM32_USB_Host_Library/Class/MSC/Src/usbh_msc.o
 .debug_info    0x0000c864     0x1a99 Middlewares/ST/STM32_USB_Host_Library/Class/MSC/Src/usbh_msc_bot.o
 .debug_info    0x0000e2fd     0x1985 Middlewares/ST/STM32_USB_Host_Library/Class/MSC/Src/usbh_msc_scsi.o
 .debug_info    0x0000fc82     0x1aab Middlewares/ST/STM32_USB_Host_Library/Core/Src/usbh_core.o
 .debug_info    0x0001172d     0x19eb Middlewares/ST/STM32_USB_Host_Library/Core/Src/usbh_ctlreq.o
 .debug_info    0x00013118     0x164f Middlewares/ST/STM32_USB_Host_Library/Core/Src/usbh_ioreq.o
 .debug_info    0x00014767     0x12f7 Middlewares/ST/STM32_USB_Host_Library/Core/Src/usbh_pipes.o
 .debug_info    0x00015a5e     0x14bf Middlewares/Third_Party/FatFs/src/diskio.o
 .debug_info    0x00016f1d     0x4e8d Middlewares/Third_Party/FatFs/src/ff.o
 .debug_info    0x0001bdaa     0x143e Middlewares/Third_Party/FatFs/src/ff_gen_drv.o
 .debug_info    0x0001d1e8     0x1547 Src/fatfs.o
 .debug_info    0x0001e72f      0x363 Src/fonts.o
 .debug_info    0x0001ea92     0x28b8 Src/ili9341.o
 .debug_info    0x0002134a     0x3137 Src/main.o
 .debug_info    0x00024481     0x1502 Src/stm32f4xx_hal_msp.o
 .debug_info    0x00025983      0xebc Src/stm32f4xx_it.o
 .debug_info    0x0002683f      0xd29 Src/system_stm32f4xx.o
 .debug_info    0x00027568     0x129d Src/usb_host.o
 .debug_info    0x00028805     0x23ba Src/usbh_conf.o
 .debug_info    0x0002abbf     0x1704 Src/usbh_diskio.o
 .debug_info    0x0002c2c3       0x22 startup/startup_stm32f407xx.o

.debug_abbrev   0x00000000     0x5212
 .debug_abbrev  0x00000000      0x2e5 Drivers/STM32F4xx_HAL_Driver/Src/stm32f4xx_hal.o
 .debug_abbrev  0x000002e5      0x3d6 Drivers/STM32F4xx_HAL_Driver/Src/stm32f4xx_hal_cortex.o
 .debug_abbrev  0x000006bb      0x2a7 Drivers/STM32F4xx_HAL_Driver/Src/stm32f4xx_hal_gpio.o
 .debug_abbrev  0x00000962      0x30d Drivers/STM32F4xx_HAL_Driver/Src/stm32f4xx_hal_hcd.o
 .debug_abbrev  0x00000c6f      0x333 Drivers/STM32F4xx_HAL_Driver/Src/stm32f4xx_hal_rcc.o
 .debug_abbrev  0x00000fa2      0x29f Drivers/STM32F4xx_HAL_Driver/Src/stm32f4xx_hal_sram.o
 .debug_abbrev  0x00001241      0x279 Drivers/STM32F4xx_HAL_Driver/Src/stm32f4xx_ll_fsmc.o
 .debug_abbrev  0x000014ba      0x306 Drivers/STM32F4xx_HAL_Driver/Src/stm32f4xx_ll_usb.o
 .debug_abbrev  0x000017c0      0x356 Middlewares/ST/STM32_USB_Host_Library/Class/MSC/Src/usbh_msc.o
 .debug_abbrev  0x00001b16      0x302 Middlewares/ST/STM32_USB_Host_Library/Class/MSC/Src/usbh_msc_bot.o
 .debug_abbrev  0x00001e18      0x30a Middlewares/ST/STM32_USB_Host_Library/Class/MSC/Src/usbh_msc_scsi.o
 .debug_abbrev  0x00002122      0x38b Middlewares/ST/STM32_USB_Host_Library/Core/Src/usbh_core.o
 .debug_abbrev  0x000024ad      0x35d Middlewares/ST/STM32_USB_Host_Library/Core/Src/usbh_ctlreq.o
 .debug_abbrev  0x0000280a      0x281 Middlewares/ST/STM32_USB_Host_Library/Core/Src/usbh_ioreq.o
 .debug_abbrev  0x00002a8b      0x2bb Middlewares/ST/STM32_USB_Host_Library/Core/Src/usbh_pipes.o
 .debug_abbrev  0x00002d46      0x2e3 Middlewares/Third_Party/FatFs/src/diskio.o
 .debug_abbrev  0x00003029      0x376 Middlewares/Third_Party/FatFs/src/ff.o
 .debug_abbrev  0x0000339f      0x2d7 Middlewares/Third_Party/FatFs/src/ff_gen_drv.o
 .debug_abbrev  0x00003676      0x297 Src/fatfs.o
 .debug_abbrev  0x0000390d      0x172 Src/fonts.o
 .debug_abbrev  0x00003a7f      0x41c Src/ili9341.o
 .debug_abbrev  0x00003e9b      0x3b0 Src/main.o
 .debug_abbrev  0x0000424b      0x277 Src/stm32f4xx_hal_msp.o
 .debug_abbrev  0x000044c2      0x23b Src/stm32f4xx_it.o
 .debug_abbrev  0x000046fd      0x205 Src/system_stm32f4xx.o
 .debug_abbrev  0x00004902      0x2bb Src/usb_host.o
 .debug_abbrev  0x00004bbd      0x38a Src/usbh_conf.o
 .debug_abbrev  0x00004f47      0x2b9 Src/usbh_diskio.o
 .debug_abbrev  0x00005200       0x12 startup/startup_stm32f407xx.o

.debug_loc      0x00000000     0xeae2
 .debug_loc     0x00000000       0xfd Drivers/STM32F4xx_HAL_Driver/Src/stm32f4xx_hal.o
 .debug_loc     0x000000fd      0x5ce Drivers/STM32F4xx_HAL_Driver/Src/stm32f4xx_hal_cortex.o
 .debug_loc     0x000006cb      0x469 Drivers/STM32F4xx_HAL_Driver/Src/stm32f4xx_hal_gpio.o
 .debug_loc     0x00000b34      0xb56 Drivers/STM32F4xx_HAL_Driver/Src/stm32f4xx_hal_hcd.o
 .debug_loc     0x0000168a      0x3f1 Drivers/STM32F4xx_HAL_Driver/Src/stm32f4xx_hal_rcc.o
 .debug_loc     0x00001a7b      0x80e Drivers/STM32F4xx_HAL_Driver/Src/stm32f4xx_hal_sram.o
 .debug_loc     0x00002289      0x68a Drivers/STM32F4xx_HAL_Driver/Src/stm32f4xx_ll_fsmc.o
 .debug_loc     0x00002913     0x1548 Drivers/STM32F4xx_HAL_Driver/Src/stm32f4xx_ll_usb.o
 .debug_loc     0x00003e5b      0x9b7 Middlewares/ST/STM32_USB_Host_Library/Class/MSC/Src/usbh_msc.o
 .debug_loc     0x00004812      0x5e0 Middlewares/ST/STM32_USB_Host_Library/Class/MSC/Src/usbh_msc_bot.o
 .debug_loc     0x00004df2      0x632 Middlewares/ST/STM32_USB_Host_Library/Class/MSC/Src/usbh_msc_scsi.o
 .debug_loc     0x00005424      0x79d Middlewares/ST/STM32_USB_Host_Library/Core/Src/usbh_core.o
 .debug_loc     0x00005bc1      0xb82 Middlewares/ST/STM32_USB_Host_Library/Core/Src/usbh_ctlreq.o
 .debug_loc     0x00006743      0x50f Middlewares/ST/STM32_USB_Host_Library/Core/Src/usbh_ioreq.o
 .debug_loc     0x00006c52      0x1cc Middlewares/ST/STM32_USB_Host_Library/Core/Src/usbh_pipes.o
 .debug_loc     0x00006e1e      0x1f1 Middlewares/Third_Party/FatFs/src/diskio.o
 .debug_loc     0x0000700f     0x4639 Middlewares/Third_Party/FatFs/src/ff.o
 .debug_loc     0x0000b648      0x24a Middlewares/Third_Party/FatFs/src/ff_gen_drv.o
 .debug_loc     0x0000b892      0x3b0 Src/fonts.o
 .debug_loc     0x0000bc42     0x1d65 Src/ili9341.o
 .debug_loc     0x0000d9a7      0x255 Src/main.o
 .debug_loc     0x0000dbfc       0x42 Src/stm32f4xx_hal_msp.o
 .debug_loc     0x0000dc3e      0x13e Src/system_stm32f4xx.o
 .debug_loc     0x0000dd7c       0x58 Src/usb_host.o
 .debug_loc     0x0000ddd4      0x922 Src/usbh_conf.o
 .debug_loc     0x0000e6f6      0x3ec Src/usbh_diskio.o

.debug_aranges  0x00000000      0xf10
 .debug_aranges
                0x00000000       0xe0 Drivers/STM32F4xx_HAL_Driver/Src/stm32f4xx_hal.o
 .debug_aranges
                0x000000e0       0xa8 Drivers/STM32F4xx_HAL_Driver/Src/stm32f4xx_hal_cortex.o
 .debug_aranges
                0x00000188       0x58 Drivers/STM32F4xx_HAL_Driver/Src/stm32f4xx_hal_gpio.o
 .debug_aranges
                0x000001e0       0xe0 Drivers/STM32F4xx_HAL_Driver/Src/stm32f4xx_hal_hcd.o
 .debug_aranges
                0x000002c0       0x88 Drivers/STM32F4xx_HAL_Driver/Src/stm32f4xx_hal_rcc.o
 .debug_aranges
                0x00000348       0xa0 Drivers/STM32F4xx_HAL_Driver/Src/stm32f4xx_hal_sram.o
 .debug_aranges
                0x000003e8       0xa8 Drivers/STM32F4xx_HAL_Driver/Src/stm32f4xx_ll_fsmc.o
 .debug_aranges
                0x00000490      0x180 Drivers/STM32F4xx_HAL_Driver/Src/stm32f4xx_ll_usb.o
 .debug_aranges
                0x00000610       0x78 Middlewares/ST/STM32_USB_Host_Library/Class/MSC/Src/usbh_msc.o
 .debug_aranges
                0x00000688       0x48 Middlewares/ST/STM32_USB_Host_Library/Class/MSC/Src/usbh_msc_bot.o
 .debug_aranges
                0x000006d0       0x48 Middlewares/ST/STM32_USB_Host_Library/Class/MSC/Src/usbh_msc_scsi.o
 .debug_aranges
                0x00000718       0xa8 Middlewares/ST/STM32_USB_Host_Library/Core/Src/usbh_core.o
 .debug_aranges
                0x000007c0       0x98 Middlewares/ST/STM32_USB_Host_Library/Core/Src/usbh_ctlreq.o
 .debug_aranges
                0x00000858       0x60 Middlewares/ST/STM32_USB_Host_Library/Core/Src/usbh_ioreq.o
 .debug_aranges
                0x000008b8       0x40 Middlewares/ST/STM32_USB_Host_Library/Core/Src/usbh_pipes.o
 .debug_aranges
                0x000008f8       0x48 Middlewares/Third_Party/FatFs/src/diskio.o
 .debug_aranges
                0x00000940      0x208 Middlewares/Third_Party/FatFs/src/ff.o
 .debug_aranges
                0x00000b48       0x40 Middlewares/Third_Party/FatFs/src/ff_gen_drv.o
 .debug_aranges
                0x00000b88       0x28 Src/fatfs.o
 .debug_aranges
                0x00000bb0       0x20 Src/fonts.o
 .debug_aranges
                0x00000bd0       0xb0 Src/ili9341.o
 .debug_aranges
                0x00000c80       0x68 Src/main.o
 .debug_aranges
                0x00000ce8       0x40 Src/stm32f4xx_hal_msp.o
 .debug_aranges
                0x00000d28       0x68 Src/stm32f4xx_it.o
 .debug_aranges
                0x00000d90       0x28 Src/system_stm32f4xx.o
 .debug_aranges
                0x00000db8       0x30 Src/usb_host.o
 .debug_aranges
                0x00000de8       0xc0 Src/usbh_conf.o
 .debug_aranges
                0x00000ea8       0x40 Src/usbh_diskio.o
 .debug_aranges
                0x00000ee8       0x28 startup/startup_stm32f407xx.o

.debug_ranges   0x00000000      0xed0
 .debug_ranges  0x00000000       0xd0 Drivers/STM32F4xx_HAL_Driver/Src/stm32f4xx_hal.o
 .debug_ranges  0x000000d0       0xf8 Drivers/STM32F4xx_HAL_Driver/Src/stm32f4xx_hal_cortex.o
 .debug_ranges  0x000001c8       0x48 Drivers/STM32F4xx_HAL_Driver/Src/stm32f4xx_hal_gpio.o
 .debug_ranges  0x00000210       0xd0 Drivers/STM32F4xx_HAL_Driver/Src/stm32f4xx_hal_hcd.o
 .debug_ranges  0x000002e0       0x90 Drivers/STM32F4xx_HAL_Driver/Src/stm32f4xx_hal_rcc.o
 .debug_ranges  0x00000370       0x90 Drivers/STM32F4xx_HAL_Driver/Src/stm32f4xx_hal_sram.o
 .debug_ranges  0x00000400       0x98 Drivers/STM32F4xx_HAL_Driver/Src/stm32f4xx_ll_fsmc.o
 .debug_ranges  0x00000498      0x170 Drivers/STM32F4xx_HAL_Driver/Src/stm32f4xx_ll_usb.o
 .debug_ranges  0x00000608       0x68 Middlewares/ST/STM32_USB_Host_Library/Class/MSC/Src/usbh_msc.o
 .debug_ranges  0x00000670       0x38 Middlewares/ST/STM32_USB_Host_Library/Class/MSC/Src/usbh_msc_bot.o
 .debug_ranges  0x000006a8       0x38 Middlewares/ST/STM32_USB_Host_Library/Class/MSC/Src/usbh_msc_scsi.o
 .debug_ranges  0x000006e0       0x98 Middlewares/ST/STM32_USB_Host_Library/Core/Src/usbh_core.o
 .debug_ranges  0x00000778       0x88 Middlewares/ST/STM32_USB_Host_Library/Core/Src/usbh_ctlreq.o
 .debug_ranges  0x00000800       0x50 Middlewares/ST/STM32_USB_Host_Library/Core/Src/usbh_ioreq.o
 .debug_ranges  0x00000850       0x30 Middlewares/ST/STM32_USB_Host_Library/Core/Src/usbh_pipes.o
 .debug_ranges  0x00000880       0x38 Middlewares/Third_Party/FatFs/src/diskio.o
 .debug_ranges  0x000008b8      0x1f8 Middlewares/Third_Party/FatFs/src/ff.o
 .debug_ranges  0x00000ab0       0x30 Middlewares/Third_Party/FatFs/src/ff_gen_drv.o
 .debug_ranges  0x00000ae0       0x18 Src/fatfs.o
 .debug_ranges  0x00000af8       0x48 Src/fonts.o
 .debug_ranges  0x00000b40      0x160 Src/ili9341.o
 .debug_ranges  0x00000ca0       0x70 Src/main.o
 .debug_ranges  0x00000d10       0x30 Src/stm32f4xx_hal_msp.o
 .debug_ranges  0x00000d40       0x58 Src/stm32f4xx_it.o
 .debug_ranges  0x00000d98       0x18 Src/system_stm32f4xx.o
 .debug_ranges  0x00000db0       0x20 Src/usb_host.o
 .debug_ranges  0x00000dd0       0xb0 Src/usbh_conf.o
 .debug_ranges  0x00000e80       0x30 Src/usbh_diskio.o
 .debug_ranges  0x00000eb0       0x20 startup/startup_stm32f407xx.o

.debug_macro    0x00000000    0x25f89
 .debug_macro   0x00000000      0x396 Drivers/STM32F4xx_HAL_Driver/Src/stm32f4xx_hal.o
 .debug_macro   0x00000396      0xa60 Drivers/STM32F4xx_HAL_Driver/Src/stm32f4xx_hal.o
 .debug_macro   0x00000df6       0x10 Drivers/STM32F4xx_HAL_Driver/Src/stm32f4xx_hal.o
 .debug_macro   0x00000e06      0x180 Drivers/STM32F4xx_HAL_Driver/Src/stm32f4xx_hal.o
 .debug_macro   0x00000f86       0x32 Drivers/STM32F4xx_HAL_Driver/Src/stm32f4xx_hal.o
 .debug_macro   0x00000fb8       0x2f Drivers/STM32F4xx_HAL_Driver/Src/stm32f4xx_hal.o
 .debug_macro   0x00000fe7       0x22 Drivers/STM32F4xx_HAL_Driver/Src/stm32f4xx_hal.o
 .debug_macro   0x00001009       0x87 Drivers/STM32F4xx_HAL_Driver/Src/stm32f4xx_hal.o
 .debug_macro   0x00001090       0x51 Drivers/STM32F4xx_HAL_Driver/Src/stm32f4xx_hal.o
 .debug_macro   0x000010e1       0xef Drivers/STM32F4xx_HAL_Driver/Src/stm32f4xx_hal.o
 .debug_macro   0x000011d0       0x6a Drivers/STM32F4xx_HAL_Driver/Src/stm32f4xx_hal.o
 .debug_macro   0x0000123a      0x1df Drivers/STM32F4xx_HAL_Driver/Src/stm32f4xx_hal.o
 .debug_macro   0x00001419       0x35 Drivers/STM32F4xx_HAL_Driver/Src/stm32f4xx_hal.o
 .debug_macro   0x0000144e       0x50 Drivers/STM32F4xx_HAL_Driver/Src/stm32f4xx_hal.o
 .debug_macro   0x0000149e      0xe66 Drivers/STM32F4xx_HAL_Driver/Src/stm32f4xx_hal.o
 .debug_macro   0x00002304    0x15d08 Drivers/STM32F4xx_HAL_Driver/Src/stm32f4xx_hal.o
 .debug_macro   0x0001800c       0x43 Drivers/STM32F4xx_HAL_Driver/Src/stm32f4xx_hal.o
 .debug_macro   0x0001804f     0x3535 Drivers/STM32F4xx_HAL_Driver/Src/stm32f4xx_hal.o
 .debug_macro   0x0001b584       0x58 Drivers/STM32F4xx_HAL_Driver/Src/stm32f4xx_hal.o
 .debug_macro   0x0001b5dc       0x17 Drivers/STM32F4xx_HAL_Driver/Src/stm32f4xx_hal.o
 .debug_macro   0x0001b5f3       0x35 Drivers/STM32F4xx_HAL_Driver/Src/stm32f4xx_hal.o
 .debug_macro   0x0001b628       0x9c Drivers/STM32F4xx_HAL_Driver/Src/stm32f4xx_hal.o
 .debug_macro   0x0001b6c4       0x16 Drivers/STM32F4xx_HAL_Driver/Src/stm32f4xx_hal.o
 .debug_macro   0x0001b6da       0x97 Drivers/STM32F4xx_HAL_Driver/Src/stm32f4xx_hal.o
 .debug_macro   0x0001b771      0x330 Drivers/STM32F4xx_HAL_Driver/Src/stm32f4xx_hal.o
 .debug_macro   0x0001baa1       0xfd Drivers/STM32F4xx_HAL_Driver/Src/stm32f4xx_hal.o
 .debug_macro   0x0001bb9e       0x10 Drivers/STM32F4xx_HAL_Driver/Src/stm32f4xx_hal.o
 .debug_macro   0x0001bbae       0x58 Drivers/STM32F4xx_HAL_Driver/Src/stm32f4xx_hal.o
 .debug_macro   0x0001bc06       0x1f Drivers/STM32F4xx_HAL_Driver/Src/stm32f4xx_hal.o
 .debug_macro   0x0001bc25       0x43 Drivers/STM32F4xx_HAL_Driver/Src/stm32f4xx_hal.o
 .debug_macro   0x0001bc68       0x20 Drivers/STM32F4xx_HAL_Driver/Src/stm32f4xx_hal.o
 .debug_macro   0x0001bc88      0x18e Drivers/STM32F4xx_HAL_Driver/Src/stm32f4xx_hal.o
 .debug_macro   0x0001be16       0x10 Drivers/STM32F4xx_HAL_Driver/Src/stm32f4xx_hal.o
 .debug_macro   0x0001be26       0x1c Drivers/STM32F4xx_HAL_Driver/Src/stm32f4xx_hal.o
 .debug_macro   0x0001be42       0x52 Drivers/STM32F4xx_HAL_Driver/Src/stm32f4xx_hal.o
 .debug_macro   0x0001be94       0x40 Drivers/STM32F4xx_HAL_Driver/Src/stm32f4xx_hal.o
 .debug_macro   0x0001bed4       0x10 Drivers/STM32F4xx_HAL_Driver/Src/stm32f4xx_hal.o
 .debug_macro   0x0001bee4       0x40 Drivers/STM32F4xx_HAL_Driver/Src/stm32f4xx_hal.o
 .debug_macro   0x0001bf24       0xd7 Drivers/STM32F4xx_HAL_Driver/Src/stm32f4xx_hal.o
 .debug_macro   0x0001bffb       0x1c Drivers/STM32F4xx_HAL_Driver/Src/stm32f4xx_hal.o
 .debug_macro   0x0001c017       0x3d Drivers/STM32F4xx_HAL_Driver/Src/stm32f4xx_hal.o
 .debug_macro   0x0001c054       0x16 Drivers/STM32F4xx_HAL_Driver/Src/stm32f4xx_hal.o
 .debug_macro   0x0001c06a      0x16f Drivers/STM32F4xx_HAL_Driver/Src/stm32f4xx_hal.o
 .debug_macro   0x0001c1d9       0x50 Drivers/STM32F4xx_HAL_Driver/Src/stm32f4xx_hal.o
 .debug_macro   0x0001c229      0x96b Drivers/STM32F4xx_HAL_Driver/Src/stm32f4xx_hal.o
 .debug_macro   0x0001cb94      0xa02 Drivers/STM32F4xx_HAL_Driver/Src/stm32f4xx_hal.o
 .debug_macro   0x0001d596      0x11e Drivers/STM32F4xx_HAL_Driver/Src/stm32f4xx_hal.o
 .debug_macro   0x0001d6b4      0x13e Drivers/STM32F4xx_HAL_Driver/Src/stm32f4xx_hal.o
 .debug_macro   0x0001d7f2       0x27 Drivers/STM32F4xx_HAL_Driver/Src/stm32f4xx_hal.o
 .debug_macro   0x0001d819      0x287 Drivers/STM32F4xx_HAL_Driver/Src/stm32f4xx_hal.o
 .debug_macro   0x0001daa0       0x5f Drivers/STM32F4xx_HAL_Driver/Src/stm32f4xx_hal.o
 .debug_macro   0x0001daff      0x23a Drivers/STM32F4xx_HAL_Driver/Src/stm32f4xx_hal.o
 .debug_macro   0x0001dd39      0x133 Drivers/STM32F4xx_HAL_Driver/Src/stm32f4xx_hal.o
 .debug_macro   0x0001de6c      0x21e Drivers/STM32F4xx_HAL_Driver/Src/stm32f4xx_hal.o
 .debug_macro   0x0001e08a       0x2e Drivers/STM32F4xx_HAL_Driver/Src/stm32f4xx_hal.o
 .debug_macro   0x0001e0b8      0x543 Drivers/STM32F4xx_HAL_Driver/Src/stm32f4xx_hal.o
 .debug_macro   0x0001e5fb      0x11e Drivers/STM32F4xx_HAL_Driver/Src/stm32f4xx_hal.o
 .debug_macro   0x0001e719       0x7f Drivers/STM32F4xx_HAL_Driver/Src/stm32f4xx_hal.o
 .debug_macro   0x0001e798       0x89 Drivers/STM32F4xx_HAL_Driver/Src/stm32f4xx_hal.o
 .debug_macro   0x0001e821      0x1df Drivers/STM32F4xx_HAL_Driver/Src/stm32f4xx_hal.o
 .debug_macro   0x0001ea00       0x68 Drivers/STM32F4xx_HAL_Driver/Src/stm32f4xx_hal.o
 .debug_macro   0x0001ea68      0x134 Drivers/STM32F4xx_HAL_Driver/Src/stm32f4xx_hal.o
 .debug_macro   0x0001eb9c      0x336 Drivers/STM32F4xx_HAL_Driver/Src/stm32f4xx_hal_cortex.o
 .debug_macro   0x0001eed2      0x36e Drivers/STM32F4xx_HAL_Driver/Src/stm32f4xx_hal_gpio.o
 .debug_macro   0x0001f240      0x336 Drivers/STM32F4xx_HAL_Driver/Src/stm32f4xx_hal_hcd.o
 .debug_macro   0x0001f576      0x35a Drivers/STM32F4xx_HAL_Driver/Src/stm32f4xx_hal_rcc.o
 .debug_macro   0x0001f8d0      0x336 Drivers/STM32F4xx_HAL_Driver/Src/stm32f4xx_hal_sram.o
 .debug_macro   0x0001fc06      0x336 Drivers/STM32F4xx_HAL_Driver/Src/stm32f4xx_ll_fsmc.o
 .debug_macro   0x0001ff3c      0x33d Drivers/STM32F4xx_HAL_Driver/Src/stm32f4xx_ll_usb.o
 .debug_macro   0x00020279      0x40f Middlewares/ST/STM32_USB_Host_Library/Class/MSC/Src/usbh_msc.o
 .debug_macro   0x00020688       0x52 Middlewares/ST/STM32_USB_Host_Library/Class/MSC/Src/usbh_msc.o
 .debug_macro   0x000206da       0x8d Middlewares/ST/STM32_USB_Host_Library/Class/MSC/Src/usbh_msc.o
 .debug_macro   0x00020767       0x57 Middlewares/ST/STM32_USB_Host_Library/Class/MSC/Src/usbh_msc.o
 .debug_macro   0x000207be       0x16 Middlewares/ST/STM32_USB_Host_Library/Class/MSC/Src/usbh_msc.o
 .debug_macro   0x000207d4       0x35 Middlewares/ST/STM32_USB_Host_Library/Class/MSC/Src/usbh_msc.o
 .debug_macro   0x00020809       0x16 Middlewares/ST/STM32_USB_Host_Library/Class/MSC/Src/usbh_msc.o
 .debug_macro   0x0002081f       0x29 Middlewares/ST/STM32_USB_Host_Library/Class/MSC/Src/usbh_msc.o